Archive member included to satisfy reference by file (symbol)

C:/Users/levi-/.pico-sdk/toolchain/13_3_Rel1/bin/../lib/gcc/arm-none-eabi/13.3.1/thumb/v6-m/nofp\libgcc.a(_dvmd_tls.o)
                              CMakeFiles/final.dir/C_/Users/levi-/.pico-sdk/sdk/2.1.0/src/rp2_common/pico_divider/divider_hardware.S.obj (__aeabi_idiv0)
C:/Users/levi-/.pico-sdk/toolchain/13_3_Rel1/bin/../lib/gcc/arm-none-eabi/13.3.1/thumb/v6-m/nofp\libg.a(libc_a-calloc.o)
                              CMakeFiles/final.dir/C_/Users/levi-/.pico-sdk/sdk/2.1.0/src/rp2_common/pico_malloc/malloc.c.obj (calloc)
C:/Users/levi-/.pico-sdk/toolchain/13_3_Rel1/bin/../lib/gcc/arm-none-eabi/13.3.1/thumb/v6-m/nofp\libg.a(libc_a-callocr.o)
                              C:/Users/levi-/.pico-sdk/toolchain/13_3_Rel1/bin/../lib/gcc/arm-none-eabi/13.3.1/thumb/v6-m/nofp\libg.a(libc_a-calloc.o) (_calloc_r)
C:/Users/levi-/.pico-sdk/toolchain/13_3_Rel1/bin/../lib/gcc/arm-none-eabi/13.3.1/thumb/v6-m/nofp\libg.a(libc_a-malloc.o)
                              CMakeFiles/final.dir/C_/Users/levi-/.pico-sdk/sdk/2.1.0/src/rp2_common/pico_malloc/malloc.c.obj (malloc)
C:/Users/levi-/.pico-sdk/toolchain/13_3_Rel1/bin/../lib/gcc/arm-none-eabi/13.3.1/thumb/v6-m/nofp\libg.a(libc_a-mallocr.o)
                              C:/Users/levi-/.pico-sdk/toolchain/13_3_Rel1/bin/../lib/gcc/arm-none-eabi/13.3.1/thumb/v6-m/nofp\libg.a(libc_a-callocr.o) (_malloc_r)
C:/Users/levi-/.pico-sdk/toolchain/13_3_Rel1/bin/../lib/gcc/arm-none-eabi/13.3.1/thumb/v6-m/nofp\libg.a(libc_a-mlock.o)
                              C:/Users/levi-/.pico-sdk/toolchain/13_3_Rel1/bin/../lib/gcc/arm-none-eabi/13.3.1/thumb/v6-m/nofp\libg.a(libc_a-mallocr.o) (__malloc_lock)
C:/Users/levi-/.pico-sdk/toolchain/13_3_Rel1/bin/../lib/gcc/arm-none-eabi/13.3.1/thumb/v6-m/nofp\libg.a(libc_a-realloc.o)
                              CMakeFiles/final.dir/C_/Users/levi-/.pico-sdk/sdk/2.1.0/src/rp2_common/pico_malloc/malloc.c.obj (realloc)
C:/Users/levi-/.pico-sdk/toolchain/13_3_Rel1/bin/../lib/gcc/arm-none-eabi/13.3.1/thumb/v6-m/nofp\libg.a(libc_a-reallocr.o)
                              C:/Users/levi-/.pico-sdk/toolchain/13_3_Rel1/bin/../lib/gcc/arm-none-eabi/13.3.1/thumb/v6-m/nofp\libg.a(libc_a-realloc.o) (_realloc_r)
C:/Users/levi-/.pico-sdk/toolchain/13_3_Rel1/bin/../lib/gcc/arm-none-eabi/13.3.1/thumb/v6-m/nofp\libg.a(libc_a-memcmp.o)
                              CMakeFiles/final.dir/C_/Users/levi-/.pico-sdk/sdk/2.1.0/src/rp2_common/pico_atomic/atomic.c.obj (memcmp)
C:/Users/levi-/.pico-sdk/toolchain/13_3_Rel1/bin/../lib/gcc/arm-none-eabi/13.3.1/thumb/v6-m/nofp\libg.a(libc_a-memmove.o)
                              C:/Users/levi-/.pico-sdk/toolchain/13_3_Rel1/bin/../lib/gcc/arm-none-eabi/13.3.1/thumb/v6-m/nofp\libg.a(libc_a-reallocr.o) (memmove)
C:/Users/levi-/.pico-sdk/toolchain/13_3_Rel1/bin/../lib/gcc/arm-none-eabi/13.3.1/thumb/v6-m/nofp\libg.a(libc_a-lcltime_r.o)
                              CMakeFiles/final.dir/C_/Users/levi-/.pico-sdk/sdk/2.1.0/src/common/pico_util/datetime.c.obj (localtime_r)
C:/Users/levi-/.pico-sdk/toolchain/13_3_Rel1/bin/../lib/gcc/arm-none-eabi/13.3.1/thumb/v6-m/nofp\libg.a(libc_a-mktime.o)
                              CMakeFiles/final.dir/C_/Users/levi-/.pico-sdk/sdk/2.1.0/src/common/pico_util/datetime.c.obj (mktime)
C:/Users/levi-/.pico-sdk/toolchain/13_3_Rel1/bin/../lib/gcc/arm-none-eabi/13.3.1/thumb/v6-m/nofp\libg.a(libc_a-month_lengths.o)
                              C:/Users/levi-/.pico-sdk/toolchain/13_3_Rel1/bin/../lib/gcc/arm-none-eabi/13.3.1/thumb/v6-m/nofp\libg.a(libc_a-lcltime_r.o) (__month_lengths)
C:/Users/levi-/.pico-sdk/toolchain/13_3_Rel1/bin/../lib/gcc/arm-none-eabi/13.3.1/thumb/v6-m/nofp\libg.a(libc_a-tzcalc_limits.o)
                              C:/Users/levi-/.pico-sdk/toolchain/13_3_Rel1/bin/../lib/gcc/arm-none-eabi/13.3.1/thumb/v6-m/nofp\libg.a(libc_a-lcltime_r.o) (__tzcalc_limits)
C:/Users/levi-/.pico-sdk/toolchain/13_3_Rel1/bin/../lib/gcc/arm-none-eabi/13.3.1/thumb/v6-m/nofp\libg.a(libc_a-tzlock.o)
                              C:/Users/levi-/.pico-sdk/toolchain/13_3_Rel1/bin/../lib/gcc/arm-none-eabi/13.3.1/thumb/v6-m/nofp\libg.a(libc_a-lcltime_r.o) (__tz_lock)
C:/Users/levi-/.pico-sdk/toolchain/13_3_Rel1/bin/../lib/gcc/arm-none-eabi/13.3.1/thumb/v6-m/nofp\libg.a(libc_a-tzset.o)
                              C:/Users/levi-/.pico-sdk/toolchain/13_3_Rel1/bin/../lib/gcc/arm-none-eabi/13.3.1/thumb/v6-m/nofp\libg.a(libc_a-lcltime_r.o) (_tzset_unlocked)
C:/Users/levi-/.pico-sdk/toolchain/13_3_Rel1/bin/../lib/gcc/arm-none-eabi/13.3.1/thumb/v6-m/nofp\libg.a(libc_a-tzset_r.o)
                              C:/Users/levi-/.pico-sdk/toolchain/13_3_Rel1/bin/../lib/gcc/arm-none-eabi/13.3.1/thumb/v6-m/nofp\libg.a(libc_a-tzset.o) (_tzset_unlocked_r)
C:/Users/levi-/.pico-sdk/toolchain/13_3_Rel1/bin/../lib/gcc/arm-none-eabi/13.3.1/thumb/v6-m/nofp\libg.a(libc_a-tzvars.o)
[...]
Memory Configuration

Name             Origin             Length             Attributes
FLASH            0x10000000         0x00200000         xr
RAM              0x20000000         0x00040000         xrw
SCRATCH_X        0x20040000         0x00001000         xrw
SCRATCH_Y        0x20041000         0x00001000         xrw
*default*        0x00000000         0xffffffff

Linker script and memory map

LOAD C:/Users/levi-/.pico-sdk/toolchain/13_3_Rel1/bin/../lib/gcc/arm-none-eabi/13.3.1/thumb/v6-m/nofp/crti.o
LOAD C:/Users/levi-/.pico-sdk/toolchain/13_3_Rel1/bin/../lib/gcc/arm-none-eabi/13.3.1/thumb/v6-m/nofp/crtbegin.o
LOAD C:/Users/levi-/.pico-sdk/toolchain/13_3_Rel1/bin/../lib/gcc/arm-none-eabi/13.3.1/thumb/v6-m/nofp/crt0.o

.flash_begin    0x10000000        0x0
                0x10000000                        __flash_binary_start = .

.boot2          0x10000000      0x100
                0x10000000                        __boot2_start__ = .
 *(.boot2)
 .boot2         0x10000000      0x100 pico-sdk/src/rp2040/boot_stage2/CMakeFiles/bs2_default_library.dir/./bs2_default_padded_checksummed.S.obj
                0x10000100                        __boot2_end__ = .
                0x00000001                        ASSERT (((__boot2_end__ - __boot2_start__) == 0x100), ERROR: Pico second stage bootloader must be 256 bytes in size)

.text           0x10000100     0x841c
                0x10000100                        __logical_binary_start = .
 *(.vectors)
 .vectors       0x10000100       0xd4 CMakeFiles/final.dir/C_/Users/levi-/.pico-sdk/sdk/2.1.0/src/rp2_common/pico_crt0/crt0.S.obj
                0x10000100                __VECTOR_TABLE
                0x10000100                __vectors
                0x100001c0                isr_invalid
                0x100001c0                __default_isrs_start
                0x100001c2                isr_nmi
                0x100001c4                isr_hardfault
                0x100001c6                isr_svcall
                0x100001c8                isr_pendsv
                0x100001ca                isr_systick
                0x100001cc                isr_irq23
                0x100001cc                isr_irq18
                0x100001cc                isr_irq11
                0x100001cc                isr_irq28
                0x100001cc                isr_irq19
                0x100001cc                isr_irq0
                0x100001cc                isr_irq6
                0x100001cc                isr_irq5
                0x100001cc                isr_irq12
                0x100001cc                isr_irq22
                0x100001cc                isr_irq31
                0x100001cc                isr_irq17
                0x100001cc                isr_irq27
                0x100001cc                isr_irq30
                0x100001cc                isr_irq2
                0x100001cc                isr_irq10
                0x100001cc                isr_irq8
                0x100001cc                isr_irq24
                0x100001cc                isr_irq1
                0x100001cc                isr_irq7
                0x100001cc                isr_irq21
                0x100001cc                isr_irq20
                0x100001cc                isr_irq15
                0x100001cc                isr_irq25
                0x100001cc                isr_irq13
                0x100001cc                __unhandled_user_irq
                0x100001cc                isr_irq4
                0x100001cc                isr_irq16
                0x100001cc                isr_irq29
                0x100001cc                isr_irq26
                0x100001cc                __default_isrs_end
                0x100001cc                isr_irq3
                0x100001cc                isr_irq14
                0x100001cc                isr_irq9
                0x100001d2                unhandled_user_irq_num_in_r0
 *(.binary_info_header)
 .binary_info_header
                0x100001d4       0x14 CMakeFiles/final.dir/C_/Users/levi-/.pico-sdk/sdk/2.1.0/src/rp2_common/pico_crt0/crt0.S.obj
                0x100001e8                        __binary_info_header_end = .
 *(.embedded_block)
                0x100001e8                        __embedded_block_end = .
 *(.reset)
 .reset         0x100001e8       0x9c CMakeFiles/final.dir/C_/Users/levi-/.pico-sdk/sdk/2.1.0/src/rp2_common/pico_crt0/crt0.S.obj
                0x100001e8                _entry_point
 *(.init)
 .init          0x10000284        0x4 C:/Users/levi-/.pico-sdk/toolchain/13_3_Rel1/bin/../lib/gcc/arm-none-eabi/13.3.1/thumb/v6-m/nofp/crti.o
                0x10000284                _init
 *(EXCLUDE_FILE(*libm.a: *libc.a:*lib_a-mem*.o *libgcc.a:) .text*)
 .text.register_tm_clones
                0x10000288       0x28 C:/Users/levi-/.pico-sdk/toolchain/13_3_Rel1/bin/../lib/gcc/arm-none-eabi/13.3.1/thumb/v6-m/nofp/crtbegin.o
 .text.frame_dummy
                0x100002b0       0x24 C:/Users/levi-/.pico-sdk/toolchain/13_3_Rel1/bin/../lib/gcc/arm-none-eabi/13.3.1/thumb/v6-m/nofp/crtbegin.o
 .text.manipulador_irq_gpio
                0x100002d4      0x10c CMakeFiles/final.dir/final.c.obj
 .text.inicializar_componentes
                0x100003e0      0x1d8 CMakeFiles/final.dir/final.c.obj
                0x100003e0                inicializar_componentes
 .text.atualizar_led_rgb
                0x100005b8      0x184 CMakeFiles/final.dir/final.c.obj
                0x100005b8                atualizar_led_rgb
 .text.atualizar_ssd
                0x1000073c       0xec CMakeFiles/final.dir/final.c.obj
                0x1000073c                atualizar_ssd
 .text.monitorar_variaveis.part.0
                0x10000828       0x84 CMakeFiles/final.dir/final.c.obj
 .text.startup.main
                0x100008ac       0xb8 CMakeFiles/final.dir/final.c.obj
                0x100008ac                main
 .text.ssd1306_init
                0x10000964       0x34 CMakeFiles/final.dir/inc/ssd1306.c.obj
                0x10000964                ssd1306_init
 .text.ssd1306_config
                0x10000998      0x1d0 CMakeFiles/final.dir/inc/ssd1306.c.obj
                0x10000998                ssd1306_config
 .text.ssd1306_send_data
                0x10000b68       0x8c CMakeFiles/final.dir/inc/ssd1306.c.obj
                0x10000b68                ssd1306_send_data
 .text.ssd1306_fill
                0x10000bf4       0x80 CMakeFiles/final.dir/inc/ssd1306.c.obj
                0x10000bf4                ssd1306_fill
 .text.ssd1306_draw_char
                0x10000c74      0x264 CMakeFiles/final.dir/inc/ssd1306.c.obj
                0x10000c74                ssd1306_draw_char
 .text.ssd1306_draw_string
                0x10000ed8       0x40 CMakeFiles/final.dir/inc/ssd1306.c.obj
                0x10000ed8                ssd1306_draw_string
 .text.gpio_default_irq_handler
                0x10000f18      0x274 CMakeFiles/final.dir/C_/Users/levi-/.pico-sdk/sdk/2.1.0/src/rp2_common/hardware_gpio/gpio.c.obj
 .text.gpio_set_function
                0x1000118c       0x34 CMakeFiles/final.dir/C_/Users/levi-/.pico-sdk/sdk/2.1.0/src/rp2_common/hardware_gpio/gpio.c.obj
                0x1000118c                gpio_set_function
 .text.gpio_set_pulls
                0x100011c0       0x28 CMakeFiles/final.dir/C_/Users/levi-/.pico-sdk/sdk/2.1.0/src/rp2_common/hardware_gpio/gpio.c.obj
                0x100011c0                gpio_set_pulls
 .text.gpio_set_irq_enabled_with_callback
                0x100011e8       0xd0 CMakeFiles/final.dir/C_/Users/levi-/.pico-sdk/sdk/2.1.0/src/rp2_common/hardware_gpio/gpio.c.obj
                0x100011e8                gpio_set_irq_enabled_with_callback
 .text.gpio_set_input_enabled
                0x100012b8       0x28 CMakeFiles/final.dir/C_/Users/levi-/.pico-sdk/sdk/2.1.0/src/rp2_common/hardware_gpio/gpio.c.obj
                0x100012b8                gpio_set_input_enabled
 .text.gpio_init
                0x100012e0       0x40 CMakeFiles/final.dir/C_/Users/levi-/.pico-sdk/sdk/2.1.0/src/rp2_common/hardware_gpio/gpio.c.obj
                0x100012e0                gpio_init
 .text.rp2040_chip_version
                0x10001320        0xc CMakeFiles/final.dir/C_/Users/levi-/.pico-sdk/sdk/2.1.0/src/rp2040/pico_platform/platform.c.obj
                0x10001320                rp2040_chip_version
 .text.panic    0x1000132c       0x30 CMakeFiles/final.dir/C_/Users/levi-/.pico-sdk/sdk/2.1.0/src/rp2_common/pico_platform_panic/panic.c.obj
                0x1000132c                panic
 .text.hw_claim_or_assert
                0x1000135c       0x44 CMakeFiles/final.dir/C_/Users/levi-/.pico-sdk/sdk/2.1.0/src/common/hardware_claim/claim.c.obj
                0x1000135c                hw_claim_or_assert
 .text.hw_claim_unused_from_range
                0x100013a0       0x9c CMakeFiles/final.dir/C_/Users/levi-/.pico-sdk/sdk/2.1.0/src/common/hardware_claim/claim.c.obj
                0x100013a0                hw_claim_unused_from_range
 .text.next_striped_spin_lock_num
                0x1000143c       0x18 CMakeFiles/final.dir/C_/Users/levi-/.pico-sdk/sdk/2.1.0/src/rp2_common/hardware_sync/sync.c.obj
                0x1000143c                next_striped_spin_lock_num
 .text.spin_lock_claim_unused
                0x10001454       0x24 CMakeFiles/final.dir/C_/Users/levi-/.pico-sdk/sdk/2.1.0/src/rp2_common/hardware_sync/sync.c.obj
                0x10001454                spin_lock_claim_unused
 .text.spin_locks_reset
                0x10001478       0x1c CMakeFiles/final.dir/C_/Users/levi-/.pico-sdk/sdk/2.1.0/src/rp2_common/hardware_sync_spin_lock/sync_spin_lock.c.obj
                0x10001478                spin_locks_reset
 .text.runtime_init_per_core_irq_priorities
                0x10001494       0x24 CMakeFiles/final.dir/C_/Users/levi-/.pico-sdk/sdk/2.1.0/src/rp2_common/hardware_irq/irq.c.obj
                0x10001494                runtime_init_per_core_irq_priorities
 .text.irq_set_enabled
                0x100014b8       0x24 CMakeFiles/final.dir/C_/Users/levi-/.pico-sdk/sdk/2.1.0/src/rp2_common/hardware_irq/irq.c.obj
                0x100014b8                irq_set_enabled
 .text.irq_is_enabled
                0x100014dc       0x18 CMakeFiles/final.dir/C_/Users/levi-/.pico-sdk/sdk/2.1.0/src/rp2_common/hardware_irq/irq.c.obj
                0x100014dc                irq_is_enabled
 .text.irq_set_pending
                0x100014f4       0x10 CMakeFiles/final.dir/C_/Users/levi-/.pico-sdk/sdk/2.1.0/src/rp2_common/hardware_irq/irq.c.obj
                0x100014f4                irq_set_pending
 .text.irq_has_shared_handler
                0x10001504       0x2c CMakeFiles/final.dir/C_/Users/levi-/.pico-sdk/sdk/2.1.0/src/rp2_common/hardware_irq/irq.c.obj
                0x10001504                irq_has_shared_handler
 .text.irq_set_exclusive_handler
                0x10001530       0x54 CMakeFiles/final.dir/C_/Users/levi-/.pico-sdk/sdk/2.1.0/src/rp2_common/hardware_irq/irq.c.obj
                0x10001530                irq_set_exclusive_handler
 .text.irq_add_shared_handler
                0x10001584      0x1f4 CMakeFiles/final.dir/C_/Users/levi-/.pico-sdk/sdk/2.1.0/src/rp2_common/hardware_irq/irq.c.obj
                0x10001584                irq_add_shared_handler
 .text.irq_remove_handler
                0x10001778      0x1d4 CMakeFiles/final.dir/C_/Users/levi-/.pico-sdk/sdk/2.1.0/src/rp2_common/hardware_irq/irq.c.obj
                0x10001778                irq_remove_handler
 .text.irq_add_tail_to_free_list
                0x1000194c       0xb4 CMakeFiles/final.dir/C_/Users/levi-/.pico-sdk/sdk/2.1.0/src/rp2_common/hardware_irq/irq.c.obj
                0x1000194c                irq_add_tail_to_free_list
 .text.user_irq_claim_unused
                0x10001a00       0x2c CMakeFiles/final.dir/C_/Users/levi-/.pico-sdk/sdk/2.1.0/src/rp2_common/hardware_irq/irq.c.obj
                0x10001a00                user_irq_claim_unused
 .text.lock_init
                0x10001a2c       0x10 CMakeFiles/final.dir/C_/Users/levi-/.pico-sdk/sdk/2.1.0/src/common/pico_sync/lock_core.c.obj
                0x10001a2c                lock_init
 .text.runtime_init_mutex
                0x10001a3c       0x50 CMakeFiles/final.dir/C_/Users/levi-/.pico-sdk/sdk/2.1.0/src/common/pico_sync/mutex.c.obj
                0x10001a3c                runtime_init_mutex
 .text.mutex_init
                0x10001a8c       0x1c CMakeFiles/final.dir/C_/Users/levi-/.pico-sdk/sdk/2.1.0/src/common/pico_sync/mutex.c.obj
                0x10001a8c                mutex_init
 .text.critical_section_init
                0x10001aa8       0x1c CMakeFiles/final.dir/C_/Users/levi-/.pico-sdk/sdk/2.1.0/src/common/pico_sync/critical_section.c.obj
                0x10001aa8                critical_section_init
 .text.critical_section_init_with_lock_num
                0x10001ac4       0x14 CMakeFiles/final.dir/C_/Users/levi-/.pico-sdk/sdk/2.1.0/src/common/pico_sync/critical_section.c.obj
                0x10001ac4                critical_section_init_with_lock_num
 .text.sleep_until_callback
                0x10001ad8       0x30 CMakeFiles/final.dir/C_/Users/levi-/.pico-sdk/sdk/2.1.0/src/common/pico_time/time.c.obj
 .text.alarm_pool_irq_handler
                0x10001b08      0x2fc CMakeFiles/final.dir/C_/Users/levi-/.pico-sdk/sdk/2.1.0/src/common/pico_time/time.c.obj
 .text.runtime_init_default_alarm_pool
                0x10001e04       0xdc CMakeFiles/final.dir/C_/Users/levi-/.pico-sdk/sdk/2.1.0/src/common/pico_time/time.c.obj
                0x10001e04                runtime_init_default_alarm_pool
 .text.alarm_pool_get_default
                0x10001ee0        0x8 CMakeFiles/final.dir/C_/Users/levi-/.pico-sdk/sdk/2.1.0/src/common/pico_time/time.c.obj
                0x10001ee0                alarm_pool_get_default
 .text.alarm_pool_add_alarm_at
                0x10001ee8       0xd4 CMakeFiles/final.dir/C_/Users/levi-/.pico-sdk/sdk/2.1.0/src/common/pico_time/time.c.obj
                0x10001ee8                alarm_pool_add_alarm_at
 .text.alarm_pool_add_alarm_at_force_in_context
                0x10001fbc       0xb0 CMakeFiles/final.dir/C_/Users/levi-/.pico-sdk/sdk/2.1.0/src/common/pico_time/time.c.obj
                0x10001fbc                alarm_pool_add_alarm_at_force_in_context
 .text.alarm_pool_cancel_alarm
                0x1000206c       0x74 CMakeFiles/final.dir/C_/Users/levi-/.pico-sdk/sdk/2.1.0/src/common/pico_time/time.c.obj
                0x1000206c                alarm_pool_cancel_alarm
 .text.alarm_pool_core_num
                0x100020e0        0x4 CMakeFiles/final.dir/C_/Users/levi-/.pico-sdk/sdk/2.1.0/src/common/pico_time/time.c.obj
                0x100020e0                alarm_pool_core_num
 .text.sleep_until
                0x100020e4       0xd8 CMakeFiles/final.dir/C_/Users/levi-/.pico-sdk/sdk/2.1.0/src/common/pico_time/time.c.obj
                0x100020e4                sleep_until
 .text.sleep_ms
                0x100021bc       0x38 CMakeFiles/final.dir/C_/Users/levi-/.pico-sdk/sdk/2.1.0/src/common/pico_time/time.c.obj
                0x100021bc                sleep_ms
 .text.best_effort_wfe_or_timeout
                0x100021f4       0xe0 CMakeFiles/final.dir/C_/Users/levi-/.pico-sdk/sdk/2.1.0/src/common/pico_time/time.c.obj
                0x100021f4                best_effort_wfe_or_timeout
 .text.timer_hardware_alarm_claim
                0x100022d4       0x14 CMakeFiles/final.dir/C_/Users/levi-/.pico-sdk/sdk/2.1.0/src/rp2_common/hardware_timer/timer.c.obj
                0x100022d4                timer_hardware_alarm_claim
 .text.timer_time_us_64
                0x100022e8       0x10 CMakeFiles/final.dir/C_/Users/levi-/.pico-sdk/sdk/2.1.0/src/rp2_common/hardware_timer/timer.c.obj
                0x100022e8                timer_time_us_64
 .text.time_us_64
                0x100022f8       0x14 CMakeFiles/final.dir/C_/Users/levi-/.pico-sdk/sdk/2.1.0/src/rp2_common/hardware_timer/timer.c.obj
                0x100022f8                time_us_64
 .text.busy_wait_us
                0x1000230c       0x68 CMakeFiles/final.dir/C_/Users/levi-/.pico-sdk/sdk/2.1.0/src/rp2_common/hardware_timer/timer.c.obj
                0x1000230c                busy_wait_us
 .text.busy_wait_until
                0x10002374       0x20 CMakeFiles/final.dir/C_/Users/levi-/.pico-sdk/sdk/2.1.0/src/rp2_common/hardware_timer/timer.c.obj
                0x10002374                busy_wait_until
 .text.uart_init
                0x10002394      0x120 CMakeFiles/final.dir/C_/Users/levi-/.pico-sdk/sdk/2.1.0/src/rp2_common/hardware_uart/uart.c.obj
                0x10002394                uart_init
 .text.clock_configure_int_divider
                0x100024b4       0xf4 CMakeFiles/final.dir/C_/Users/levi-/.pico-sdk/sdk/2.1.0/src/rp2_common/hardware_clocks/clocks.c.obj
                0x100024b4                clock_configure_int_divider
 .text.clock_configure_undivided
                0x100025a8       0xe8 CMakeFiles/final.dir/C_/Users/levi-/.pico-sdk/sdk/2.1.0/src/rp2_common/hardware_clocks/clocks.c.obj
                0x100025a8                clock_configure_undivided
 .text.clock_get_hz
                0x10002690        0xc CMakeFiles/final.dir/C_/Users/levi-/.pico-sdk/sdk/2.1.0/src/rp2_common/hardware_clocks/clocks.c.obj
                0x10002690                clock_get_hz
 .text.pll_init
                0x1000269c       0xa4 CMakeFiles/final.dir/C_/Users/levi-/.pico-sdk/sdk/2.1.0/src/rp2_common/hardware_pll/pll.c.obj
                0x1000269c                pll_init
 .text.watchdog_reboot
                0x10002740       0x9c CMakeFiles/final.dir/C_/Users/levi-/.pico-sdk/sdk/2.1.0/src/rp2_common/hardware_watchdog/watchdog.c.obj
                0x10002740                watchdog_reboot
 .text.tick_start
                0x100027dc       0x10 CMakeFiles/final.dir/C_/Users/levi-/.pico-sdk/sdk/2.1.0/src/rp2_common/hardware_ticks/ticks.c.obj
                0x100027dc                tick_start
 .text.rom_func_lookup
                0x100027ec       0x10 CMakeFiles/final.dir/C_/Users/levi-/.pico-sdk/sdk/2.1.0/src/rp2_common/pico_bootrom/bootrom.c.obj
                0x100027ec                rom_func_lookup
 .text.rom_data_lookup
                0x100027fc       0x10 CMakeFiles/final.dir/C_/Users/levi-/.pico-sdk/sdk/2.1.0/src/rp2_common/pico_bootrom/bootrom.c.obj
                0x100027fc                rom_data_lookup
 .text.rom_funcs_lookup
                0x1000280c       0x44 CMakeFiles/final.dir/C_/Users/levi-/.pico-sdk/sdk/2.1.0/src/rp2_common/pico_bootrom/bootrom.c.obj
                0x1000280c                rom_funcs_lookup
 .text.rom_reset_usb_boot_extra
                0x10002850       0x28 CMakeFiles/final.dir/C_/Users/levi-/.pico-sdk/sdk/2.1.0/src/rp2_common/pico_bootrom/bootrom.c.obj
                0x10002850                rom_reset_usb_boot_extra
 .text.xosc_init
                0x10002878       0x28 CMakeFiles/final.dir/C_/Users/levi-/.pico-sdk/sdk/2.1.0/src/rp2_common/hardware_xosc/xosc.c.obj
                0x10002878                xosc_init
 .text.first_per_core_initializer
                0x100028a0        0x4 CMakeFiles/final.dir/C_/Users/levi-/.pico-sdk/sdk/2.1.0/src/rp2_common/pico_runtime/runtime.c.obj
 .text.hard_assertion_failure
                0x100028a4        0xc CMakeFiles/final.dir/C_/Users/levi-/.pico-sdk/sdk/2.1.0/src/rp2_common/pico_runtime/runtime.c.obj
                0x100028a4                hard_assertion_failure
 .text.runtime_run_initializers
                0x100028b0       0x28 CMakeFiles/final.dir/C_/Users/levi-/.pico-sdk/sdk/2.1.0/src/rp2_common/pico_runtime/runtime.c.obj
                0x100028b0                runtime_run_initializers
 .text.runtime_init_early_resets
                0x100028d8       0x2c CMakeFiles/final.dir/C_/Users/levi-/.pico-sdk/sdk/2.1.0/src/rp2_common/pico_runtime_init/runtime_init.c.obj
                0x100028d8                runtime_init_early_resets
 .text.runtime_init_usb_power_down
                0x10002904       0x1c CMakeFiles/final.dir/C_/Users/levi-/.pico-sdk/sdk/2.1.0/src/rp2_common/pico_runtime_init/runtime_init.c.obj
                0x10002904                runtime_init_usb_power_down
 .text.runtime_init_post_clock_resets
                0x10002920       0x20 CMakeFiles/final.dir/C_/Users/levi-/.pico-sdk/sdk/2.1.0/src/rp2_common/pico_runtime_init/runtime_init.c.obj
                0x10002920                runtime_init_post_clock_resets
 .text.runtime_init_rp2040_gpio_ie_disable
                0x10002940       0x14 CMakeFiles/final.dir/C_/Users/levi-/.pico-sdk/sdk/2.1.0/src/rp2_common/pico_runtime_init/runtime_init.c.obj
                0x10002940                runtime_init_rp2040_gpio_ie_disable
 .text.runtime_init_spin_locks_reset
                0x10002954        0x8 CMakeFiles/final.dir/C_/Users/levi-/.pico-sdk/sdk/2.1.0/src/rp2_common/pico_runtime_init/runtime_init.c.obj
                0x10002954                runtime_init_spin_locks_reset
 .text.runtime_init_install_ram_vector_table
                0x1000295c       0x1c CMakeFiles/final.dir/C_/Users/levi-/.pico-sdk/sdk/2.1.0/src/rp2_common/pico_runtime_init/runtime_init.c.obj
                0x1000295c                runtime_init_install_ram_vector_table
 .text.runtime_init_clocks
                0x10002978       0xd8 CMakeFiles/final.dir/C_/Users/levi-/.pico-sdk/sdk/2.1.0/src/rp2_common/pico_runtime_init/runtime_init_clocks.c.obj
                0x10002978                runtime_init_clocks
 .text          0x10002a50       0x10 CMakeFiles/final.dir/C_/Users/levi-/.pico-sdk/sdk/2.1.0/src/rp2_common/pico_bit_ops/bit_ops_aeabi.S.obj
 .text.__wrap___aeabi_idiv
                0x10002a60       0x50 CMakeFiles/final.dir/C_/Users/levi-/.pico-sdk/sdk/2.1.0/src/rp2_common/pico_divider/divider_hardware.S.obj
                0x10002a60                __wrap___aeabi_idivmod
                0x10002a60                divmod_s32s32
                0x10002a60                div_s32s32
                0x10002a60                __wrap___aeabi_idiv
                0x10002a68                divmod_s32s32_unsafe
                0x10002a94                divmod_s32s32_savestate
 .text.__wrap___aeabi_uidiv
                0x10002ab0       0x4c CMakeFiles/final.dir/C_/Users/levi-/.pico-sdk/sdk/2.1.0/src/rp2_common/pico_divider/divider_hardware.S.obj
                0x10002ab0                __wrap___aeabi_uidiv
                0x10002ab0                __wrap___aeabi_uidivmod
                0x10002ab0                div_u32u32
                0x10002ab0                divmod_u32u32
                0x10002ab8                divmod_u32u32_unsafe
                0x10002ae0                divmod_u32u32_savestate
 .text.__wrap___aeabi_ldiv
                0x10002afc      0x424 CMakeFiles/final.dir/C_/Users/levi-/.pico-sdk/sdk/2.1.0/src/rp2_common/pico_divider/divider_hardware.S.obj
                0x10002afc                div_s64s64
                0x10002afc                divmod_s64s64
                0x10002afc                __wrap___aeabi_ldivmod
                0x10002b2c                divmod_u64u64
                0x10002b2c                div_u64u64
                0x10002b2c                __wrap___aeabi_uldivmod
                0x10002b3c                divmod_u64u64_savestate
                0x10002b5c                divmod_s64s64_unsafe
                0x10002be4                divmod_u64u64_unsafe
 .text.__wrap___aeabi_darithmetic
                0x10002f20       0x60 CMakeFiles/final.dir/C_/Users/levi-/.pico-sdk/sdk/2.1.0/src/rp2_common/pico_double/double_aeabi_rp2040.S.obj
                0x10002f20                __wrap___aeabi_drsub
                0x10002f26                __wrap___aeabi_dsub
                0x10002f30                __wrap___aeabi_dadd
                0x10002f3a                __wrap___aeabi_ddiv
                0x10002f6e                __wrap___aeabi_dmul
 .text.__wrap___aeabi_cdcmple
                0x10002f80       0x6c CMakeFiles/final.dir/C_/Users/levi-/.pico-sdk/sdk/2.1.0/src/rp2_common/pico_double/double_aeabi_rp2040.S.obj
                0x10002f80                __wrap___aeabi_cdrcmple
                0x10002f90                __wrap___aeabi_cdcmpeq
                0x10002f90                __wrap___aeabi_cdcmple
 .text.__wrap___aeabi_dcmplt
                0x10002fec        0xc CMakeFiles/final.dir/C_/Users/levi-/.pico-sdk/sdk/2.1.0/src/rp2_common/pico_double/double_aeabi_rp2040.S.obj
                0x10002fec                __wrap___aeabi_dcmplt
 .text.__wrap___aeabi_dcmpge
                0x10002ff8       0x10 CMakeFiles/final.dir/C_/Users/levi-/.pico-sdk/sdk/2.1.0/src/rp2_common/pico_double/double_aeabi_rp2040.S.obj
                0x10002ff8                __wrap___aeabi_dcmpge
 .text.__wrap___aeabi_dcmpgt
                0x10003008        0xa CMakeFiles/final.dir/C_/Users/levi-/.pico-sdk/sdk/2.1.0/src/rp2_common/pico_double/double_aeabi_rp2040.S.obj
                0x10003008                __wrap___aeabi_dcmpgt
 .text.__wrap___aeabi_dcmpun
                0x10003012       0x18 CMakeFiles/final.dir/C_/Users/levi-/.pico-sdk/sdk/2.1.0/src/rp2_common/pico_double/double_aeabi_rp2040.S.obj
                0x10003012                __wrap___aeabi_dcmpun
 *fill*         0x1000302a        0x2 
 .text.__wrap___aeabi_i2d
                0x1000302c       0x38 CMakeFiles/final.dir/C_/Users/levi-/.pico-sdk/sdk/2.1.0/src/rp2_common/pico_double/double_aeabi_rp2040.S.obj
                0x1000302c                __wrap___aeabi_ui2d
                0x10003034                __wrap___aeabi_i2d
 .text.__wrap___aeabi_d2iz
                0x10003064       0x48 CMakeFiles/final.dir/C_/Users/levi-/.pico-sdk/sdk/2.1.0/src/rp2_common/pico_double/double_aeabi_rp2040.S.obj
                0x10003064                double2int_z
                0x10003064                __wrap___aeabi_d2iz
 .text.__wrap___aeabi_d2uiz
                0x100030ac       0x10 CMakeFiles/final.dir/C_/Users/levi-/.pico-sdk/sdk/2.1.0/src/rp2_common/pico_double/double_aeabi_rp2040.S.obj
                0x100030ac                __wrap___aeabi_d2uiz
                0x100030ac                double2uint
 .text.missing_double_func_shim
                0x100030bc        0xc CMakeFiles/final.dir/C_/Users/levi-/.pico-sdk/sdk/2.1.0/src/rp2_common/pico_double/double_init_rom_rp2040.c.obj
 .text.__aeabi_double_init
                0x100030c8       0xa0 CMakeFiles/final.dir/C_/Users/levi-/.pico-sdk/sdk/2.1.0/src/rp2_common/pico_double/double_init_rom_rp2040.c.obj
                0x100030c8                __aeabi_double_init
 .text.double_table_shim_on_use_helper
                0x10003168       0x2c CMakeFiles/final.dir/C_/Users/levi-/.pico-sdk/sdk/2.1.0/src/rp2_common/pico_double/double_v1_rom_shim_rp2040.S.obj
                0x10003168                double_table_shim_on_use_helper
 .text.__aeabi_lmul
                0x10003194       0x32 CMakeFiles/final.dir/C_/Users/levi-/.pico-sdk/sdk/2.1.0/src/rp2_common/pico_int64_ops/pico_int64_ops_aeabi.S.obj
                0x10003194                __wrap___aeabi_lmul
 *fill*         0x100031c6        0x2 
 .text.missing_float_func_shim
                0x100031c8        0xc CMakeFiles/final.dir/C_/Users/levi-/.pico-sdk/sdk/2.1.0/src/rp2_common/pico_float/float_init_rom_rp2040.c.obj
 .text.__aeabi_float_init
                0x100031d4       0x5c CMakeFiles/final.dir/C_/Users/levi-/.pico-sdk/sdk/2.1.0/src/rp2_common/pico_float/float_init_rom_rp2040.c.obj
                0x100031d4                __aeabi_float_init
 .text.__wrap_calloc
                0x10003230       0x28 CMakeFiles/final.dir/C_/Users/levi-/.pico-sdk/sdk/2.1.0/src/rp2_common/pico_malloc/malloc.c.obj
                0x10003230                __wrap_calloc
 .text          0x10003258       0x10 CMakeFiles/final.dir/C_/Users/levi-/.pico-sdk/sdk/2.1.0/src/rp2_common/pico_mem_ops/mem_ops_aeabi.S.obj
                0x10003258                __aeabi_mem_init
 .text.memset   0x10003268        0xc CMakeFiles/final.dir/C_/Users/levi-/.pico-sdk/sdk/2.1.0/src/rp2_common/pico_mem_ops/mem_ops_aeabi.S.obj
                0x10003268                __wrap_memset
 .text.memcpy   0x10003274        0xc CMakeFiles/final.dir/C_/Users/levi-/.pico-sdk/sdk/2.1.0/src/rp2_common/pico_mem_ops/mem_ops_aeabi.S.obj
                0x10003274                __wrap_memcpy
                0x10003274                __wrap___aeabi_memcpy
 .text._out_buffer
                0x10003280        0x8 CMakeFiles/final.dir/C_/Users/levi-/.pico-sdk/sdk/2.1.0/src/rp2_common/pico_printf/printf.c.obj
 .text._out_null
                0x10003288        0x4 CMakeFiles/final.dir/C_/Users/levi-/.pico-sdk/sdk/2.1.0/src/rp2_common/pico_printf/printf.c.obj
 .text._out_rev
                0x1000328c       0xac CMakeFiles/final.dir/C_/Users/levi-/.pico-sdk/sdk/2.1.0/src/rp2_common/pico_printf/printf.c.obj
 .text._ntoa_format
                0x10003338      0x250 CMakeFiles/final.dir/C_/Users/levi-/.pico-sdk/sdk/2.1.0/src/rp2_common/pico_printf/printf.c.obj
 .text._out_char
                0x10003588       0x10 CMakeFiles/final.dir/C_/Users/levi-/.pico-sdk/sdk/2.1.0/src/rp2_common/pico_printf/printf.c.obj
 .text._out_fct
                0x10003598       0x10 CMakeFiles/final.dir/C_/Users/levi-/.pico-sdk/sdk/2.1.0/src/rp2_common/pico_printf/printf.c.obj
 .text._etoa    0x100035a8      0x464 CMakeFiles/final.dir/C_/Users/levi-/.pico-sdk/sdk/2.1.0/src/rp2_common/pico_printf/printf.c.obj
 .text._ftoa    0x10003a0c      0x3c0 CMakeFiles/final.dir/C_/Users/levi-/.pico-sdk/sdk/2.1.0/src/rp2_common/pico_printf/printf.c.obj
 .text._vsnprintf
                0x10003dcc      0xbc8 CMakeFiles/final.dir/C_/Users/levi-/.pico-sdk/sdk/2.1.0/src/rp2_common/pico_printf/printf.c.obj
 .text.__wrap_sprintf
                0x10004994       0x2c CMakeFiles/final.dir/C_/Users/levi-/.pico-sdk/sdk/2.1.0/src/rp2_common/pico_printf/printf.c.obj
                0x10004994                __wrap_sprintf
 .text.vfctprintf
                0x100049c0       0x20 CMakeFiles/final.dir/C_/Users/levi-/.pico-sdk/sdk/2.1.0/src/rp2_common/pico_printf/printf.c.obj
                0x100049c0                vfctprintf
 .text.weak_raw_vprintf
                0x100049e0       0x30 CMakeFiles/final.dir/C_/Users/levi-/.pico-sdk/sdk/2.1.0/src/rp2_common/pico_printf/printf.c.obj
                0x100049e0                weak_raw_vprintf
 .text._exit    0x10004a10        0x4 CMakeFiles/final.dir/C_/Users/levi-/.pico-sdk/sdk/2.1.0/src/rp2_common/pico_clib_interface/newlib_interface.c.obj
                0x10004a10                _exit
 .text._sbrk    0x10004a14       0x34 CMakeFiles/final.dir/C_/Users/levi-/.pico-sdk/sdk/2.1.0/src/rp2_common/pico_clib_interface/newlib_interface.c.obj
                0x10004a14                _sbrk
 .text.exit     0x10004a48        0x8 CMakeFiles/final.dir/C_/Users/levi-/.pico-sdk/sdk/2.1.0/src/rp2_common/pico_clib_interface/newlib_interface.c.obj
                0x10004a48                exit
 .text.runtime_init
                0x10004a50       0x2c CMakeFiles/final.dir/C_/Users/levi-/.pico-sdk/sdk/2.1.0/src/rp2_common/pico_clib_interface/newlib_interface.c.obj
                0x10004a50                runtime_init
 .text.stdio_out_chars_no_crlf
                0x10004a7c       0x10 CMakeFiles/final.dir/C_/Users/levi-/.pico-sdk/sdk/2.1.0/src/rp2_common/pico_stdio/stdio.c.obj
 .text.stdio_out_chars_crlf
                0x10004a8c       0x94 CMakeFiles/final.dir/C_/Users/levi-/.pico-sdk/sdk/2.1.0/src/rp2_common/pico_stdio/stdio.c.obj
 .text.stdio_buffered_printer
                0x10004b20       0x64 CMakeFiles/final.dir/C_/Users/levi-/.pico-sdk/sdk/2.1.0/src/rp2_common/pico_stdio/stdio.c.obj
 .text.stdio_put_string
                0x10004b84      0x100 CMakeFiles/final.dir/C_/Users/levi-/.pico-sdk/sdk/2.1.0/src/rp2_common/pico_stdio/stdio.c.obj
                0x10004b84                stdio_put_string
 .text.stdio_set_driver_enabled
                0x10004c84       0x30 CMakeFiles/final.dir/C_/Users/levi-/.pico-sdk/sdk/2.1.0/src/rp2_common/pico_stdio/stdio.c.obj
                0x10004c84                stdio_set_driver_enabled
 .text.stdio_init_all
                0x10004cb4       0x10 CMakeFiles/final.dir/C_/Users/levi-/.pico-sdk/sdk/2.1.0/src/rp2_common/pico_stdio/stdio.c.obj
                0x10004cb4                stdio_init_all
 .text.__wrap_putchar
                0x10004cc4       0x98 CMakeFiles/final.dir/C_/Users/levi-/.pico-sdk/sdk/2.1.0/src/rp2_common/pico_stdio/stdio.c.obj
                0x10004cc4                __wrap_putchar
                0x10004cc4                stdio_putchar
 .text.__wrap_puts
                0x10004d5c       0x3c CMakeFiles/final.dir/C_/Users/levi-/.pico-sdk/sdk/2.1.0/src/rp2_common/pico_stdio/stdio.c.obj
                0x10004d5c                stdio_puts
                0x10004d5c                __wrap_puts
 .text.__wrap_vprintf
                0x10004d98       0xd4 CMakeFiles/final.dir/C_/Users/levi-/.pico-sdk/sdk/2.1.0/src/rp2_common/pico_stdio/stdio.c.obj
                0x10004d98                stdio_vprintf
                0x10004d98                __wrap_vprintf
 .text.__wrap_printf
                0x10004e6c       0x18 CMakeFiles/final.dir/C_/Users/levi-/.pico-sdk/sdk/2.1.0/src/rp2_common/pico_stdio/stdio.c.obj
                0x10004e6c                __wrap_printf
                0x10004e6c                stdio_printf
 .text.stdio_uart_out_chars
                0x10004e84       0x4c CMakeFiles/final.dir/C_/Users/levi-/.pico-sdk/sdk/2.1.0/src/rp2_common/pico_stdio_uart/stdio_uart.c.obj
 .text.stdio_uart_in_chars
                0x10004ed0       0x90 CMakeFiles/final.dir/C_/Users/levi-/.pico-sdk/sdk/2.1.0/src/rp2_common/pico_stdio_uart/stdio_uart.c.obj
                0x10004ed0                stdio_uart_in_chars
 .text.on_uart_rx
                0x10004f60       0x28 CMakeFiles/final.dir/C_/Users/levi-/.pico-sdk/sdk/2.1.0/src/rp2_common/pico_stdio_uart/stdio_uart.c.obj
 .text.stdio_uart_out_flush
                0x10004f88       0x14 CMakeFiles/final.dir/C_/Users/levi-/.pico-sdk/sdk/2.1.0/src/rp2_common/pico_stdio_uart/stdio_uart.c.obj
 .text.stdio_uart_set_chars_available_callback
                0x10004f9c       0x84 CMakeFiles/final.dir/C_/Users/levi-/.pico-sdk/sdk/2.1.0/src/rp2_common/pico_stdio_uart/stdio_uart.c.obj
 .text.stdio_uart_init
                0x10005020       0x50 CMakeFiles/final.dir/C_/Users/levi-/.pico-sdk/sdk/2.1.0/src/rp2_common/pico_stdio_uart/stdio_uart.c.obj
                0x10005020                stdio_uart_init
 .text.resetd_init
                0x10005070        0x4 CMakeFiles/final.dir/C_/Users/levi-/.pico-sdk/sdk/2.1.0/src/rp2_common/pico_stdio_usb/reset_interface.c.obj
 .text.resetd_reset
                0x10005074        0xc CMakeFiles/final.dir/C_/Users/levi-/.pico-sdk/sdk/2.1.0/src/rp2_common/pico_stdio_usb/reset_interface.c.obj
 .text.resetd_open
                0x10005080       0x28 CMakeFiles/final.dir/C_/Users/levi-/.pico-sdk/sdk/2.1.0/src/rp2_common/pico_stdio_usb/reset_interface.c.obj
 .text.resetd_xfer_cb
                0x100050a8        0x4 CMakeFiles/final.dir/C_/Users/levi-/.pico-sdk/sdk/2.1.0/src/rp2_common/pico_stdio_usb/reset_interface.c.obj
 .text.resetd_control_xfer_cb
                0x100050ac       0x5c CMakeFiles/final.dir/C_/Users/levi-/.pico-sdk/sdk/2.1.0/src/rp2_common/pico_stdio_usb/reset_interface.c.obj
 .text.tud_descriptor_bos_cb
                0x10005108        0x8 CMakeFiles/final.dir/C_/Users/levi-/.pico-sdk/sdk/2.1.0/src/rp2_common/pico_stdio_usb/reset_interface.c.obj
                0x10005108                tud_descriptor_bos_cb
 .text.tud_vendor_control_xfer_cb
                0x10005110       0x34 CMakeFiles/final.dir/C_/Users/levi-/.pico-sdk/sdk/2.1.0/src/rp2_common/pico_stdio_usb/reset_interface.c.obj
                0x10005110                tud_vendor_control_xfer_cb
 .text.usbd_app_driver_get_cb
                0x10005144        0xc CMakeFiles/final.dir/C_/Users/levi-/.pico-sdk/sdk/2.1.0/src/rp2_common/pico_stdio_usb/reset_interface.c.obj
                0x10005144                usbd_app_driver_get_cb
 .text.tud_cdc_line_coding_cb
                0x10005150       0x2c CMakeFiles/final.dir/C_/Users/levi-/.pico-sdk/sdk/2.1.0/src/rp2_common/pico_stdio_usb/reset_interface.c.obj
                0x10005150                tud_cdc_line_coding_cb
 .text.stdio_usb_set_chars_available_callback
                0x1000517c       0x14 CMakeFiles/final.dir/C_/Users/levi-/.pico-sdk/sdk/2.1.0/src/rp2_common/pico_stdio_usb/stdio_usb.c.obj
                0x1000517c                stdio_usb_set_chars_available_callback
 .text.usb_irq  0x10005190       0x10 CMakeFiles/final.dir/C_/Users/levi-/.pico-sdk/sdk/2.1.0/src/rp2_common/pico_stdio_usb/stdio_usb.c.obj
 .text.timer_task
                0x100051a0       0x64 CMakeFiles/final.dir/C_/Users/levi-/.pico-sdk/sdk/2.1.0/src/rp2_common/pico_stdio_usb/stdio_usb.c.obj
 .text.stdio_usb_in_chars
                0x10005204       0x90 CMakeFiles/final.dir/C_/Users/levi-/.pico-sdk/sdk/2.1.0/src/rp2_common/pico_stdio_usb/stdio_usb.c.obj
                0x10005204                stdio_usb_in_chars
 .text.stdio_usb_out_flush
                0x10005294       0x50 CMakeFiles/final.dir/C_/Users/levi-/.pico-sdk/sdk/2.1.0/src/rp2_common/pico_stdio_usb/stdio_usb.c.obj
 .text.stdio_usb_out_chars
                0x100052e4      0x104 CMakeFiles/final.dir/C_/Users/levi-/.pico-sdk/sdk/2.1.0/src/rp2_common/pico_stdio_usb/stdio_usb.c.obj
 .text.low_priority_worker_irq
                0x100053e8       0xcc CMakeFiles/final.dir/C_/Users/levi-/.pico-sdk/sdk/2.1.0/src/rp2_common/pico_stdio_usb/stdio_usb.c.obj
 .text.stdio_usb_init
                0x100054b4       0xe8 CMakeFiles/final.dir/C_/Users/levi-/.pico-sdk/sdk/2.1.0/src/rp2_common/pico_stdio_usb/stdio_usb.c.obj
                0x100054b4                stdio_usb_init
 .text.tud_descriptor_device_cb
                0x1000559c        0x8 CMakeFiles/final.dir/C_/Users/levi-/.pico-sdk/sdk/2.1.0/src/rp2_common/pico_stdio_usb/stdio_usb_descriptors.c.obj
                0x1000559c                tud_descriptor_device_cb
 .text.tud_descriptor_configuration_cb
                0x100055a4        0x8 CMakeFiles/final.dir/C_/Users/levi-/.pico-sdk/sdk/2.1.0/src/rp2_common/pico_stdio_usb/stdio_usb_descriptors.c.obj
                0x100055a4                tud_descriptor_configuration_cb
 .text.tud_descriptor_string_cb
                0x100055ac       0x78 CMakeFiles/final.dir/C_/Users/levi-/.pico-sdk/sdk/2.1.0/src/rp2_common/pico_stdio_usb/stdio_usb_descriptors.c.obj
                0x100055ac                tud_descriptor_string_cb
 .text.startup._retrieve_unique_id_on_boot
                0x10005624       0x10 CMakeFiles/final.dir/C_/Users/levi-/.pico-sdk/sdk/2.1.0/src/rp2_common/pico_unique_id/unique_id.c.obj
 .text.pico_get_unique_board_id_string
                0x10005634      0x1a8 CMakeFiles/final.dir/C_/Users/levi-/.pico-sdk/sdk/2.1.0/src/rp2_common/pico_unique_id/unique_id.c.obj
                0x10005634                pico_get_unique_board_id_string
 .text.flash_get_unique_id
                0x100057dc       0x3c CMakeFiles/final.dir/C_/Users/levi-/.pico-sdk/sdk/2.1.0/src/rp2_common/hardware_flash/flash.c.obj
                0x100057dc                flash_get_unique_id
 .text.dcd_init
                0x10005818       0x8c CMakeFiles/final.dir/C_/Users/levi-/.pico-sdk/sdk/2.1.0/lib/tinyusb/src/portable/raspberrypi/rp2040/dcd_rp2040.c.obj
                0x10005818                dcd_init
 .text.dcd_int_enable
                0x100058a4        0xc CMakeFiles/final.dir/C_/Users/levi-/.pico-sdk/sdk/2.1.0/lib/tinyusb/src/portable/raspberrypi/rp2040/dcd_rp2040.c.obj
                0x100058a4                dcd_int_enable
 .text.dcd_set_address
                0x100058b0       0x14 CMakeFiles/final.dir/C_/Users/levi-/.pico-sdk/sdk/2.1.0/lib/tinyusb/src/portable/raspberrypi/rp2040/dcd_rp2040.c.obj
                0x100058b0                dcd_set_address
 .text.dcd_sof_enable
                0x100058c4       0x1c CMakeFiles/final.dir/C_/Users/levi-/.pico-sdk/sdk/2.1.0/lib/tinyusb/src/portable/raspberrypi/rp2040/dcd_rp2040.c.obj
                0x100058c4                dcd_sof_enable
 .text.dcd_edpt0_status_complete
                0x100058e0       0x1c CMakeFiles/final.dir/C_/Users/levi-/.pico-sdk/sdk/2.1.0/lib/tinyusb/src/portable/raspberrypi/rp2040/dcd_rp2040.c.obj
                0x100058e0                dcd_edpt0_status_complete
 .text.dcd_edpt_open
                0x100058fc      0x108 CMakeFiles/final.dir/C_/Users/levi-/.pico-sdk/sdk/2.1.0/lib/tinyusb/src/portable/raspberrypi/rp2040/dcd_rp2040.c.obj
                0x100058fc                dcd_edpt_open
 .text.dcd_edpt_close_all
                0x10005a04        0x8 CMakeFiles/final.dir/C_/Users/levi-/.pico-sdk/sdk/2.1.0/lib/tinyusb/src/portable/raspberrypi/rp2040/dcd_rp2040.c.obj
                0x10005a04                dcd_edpt_close_all
 .text.dcd_edpt_xfer
                0x10005a0c       0x24 CMakeFiles/final.dir/C_/Users/levi-/.pico-sdk/sdk/2.1.0/lib/tinyusb/src/portable/raspberrypi/rp2040/dcd_rp2040.c.obj
                0x10005a0c                dcd_edpt_xfer
 .text.dcd_edpt_stall
                0x10005a30       0x34 CMakeFiles/final.dir/C_/Users/levi-/.pico-sdk/sdk/2.1.0/lib/tinyusb/src/portable/raspberrypi/rp2040/dcd_rp2040.c.obj
                0x10005a30                dcd_edpt_stall
 .text.dcd_edpt_clear_stall
                0x10005a64       0x30 CMakeFiles/final.dir/C_/Users/levi-/.pico-sdk/sdk/2.1.0/lib/tinyusb/src/portable/raspberrypi/rp2040/dcd_rp2040.c.obj
                0x10005a64                dcd_edpt_clear_stall
 .text.rp2040_usb_init
                0x10005a94       0x40 CMakeFiles/final.dir/C_/Users/levi-/.pico-sdk/sdk/2.1.0/lib/tinyusb/src/portable/raspberrypi/rp2040/rp2040_usb.c.obj
                0x10005a94                rp2040_usb_init
 .text.hw_endpoint_xfer_start
                0x10005ad4       0x40 CMakeFiles/final.dir/C_/Users/levi-/.pico-sdk/sdk/2.1.0/lib/tinyusb/src/portable/raspberrypi/rp2040/rp2040_usb.c.obj
                0x10005ad4                hw_endpoint_xfer_start
 .text.tud_event_hook_cb
                0x10005b14        0x4 CMakeFiles/final.dir/C_/Users/levi-/.pico-sdk/sdk/2.1.0/lib/tinyusb/src/device/usbd.c.obj
                0x10005b14                tud_event_hook_cb
 .text.tud_sof_cb
                0x10005b18        0x4 CMakeFiles/final.dir/C_/Users/levi-/.pico-sdk/sdk/2.1.0/lib/tinyusb/src/device/usbd.c.obj
                0x10005b18                tud_sof_cb
 .text.tud_descriptor_device_qualifier_cb
                0x10005b1c        0x4 CMakeFiles/final.dir/C_/Users/levi-/.pico-sdk/sdk/2.1.0/lib/tinyusb/src/device/usbd.c.obj
                0x10005b1c                tud_descriptor_device_qualifier_cb
 .text.tud_descriptor_other_speed_configuration_cb
                0x10005b20        0x4 CMakeFiles/final.dir/C_/Users/levi-/.pico-sdk/sdk/2.1.0/lib/tinyusb/src/device/usbd.c.obj
                0x10005b20                tud_descriptor_other_speed_configuration_cb
 .text.tud_mount_cb
                0x10005b24        0x4 CMakeFiles/final.dir/C_/Users/levi-/.pico-sdk/sdk/2.1.0/lib/tinyusb/src/device/usbd.c.obj
                0x10005b24                tud_mount_cb
 .text.tud_umount_cb
                0x10005b28        0x4 CMakeFiles/final.dir/C_/Users/levi-/.pico-sdk/sdk/2.1.0/lib/tinyusb/src/device/usbd.c.obj
                0x10005b28                tud_umount_cb
 .text.tud_suspend_cb
                0x10005b2c        0x4 CMakeFiles/final.dir/C_/Users/levi-/.pico-sdk/sdk/2.1.0/lib/tinyusb/src/device/usbd.c.obj
                0x10005b2c                tud_suspend_cb
 .text.tud_resume_cb
                0x10005b30        0x4 CMakeFiles/final.dir/C_/Users/levi-/.pico-sdk/sdk/2.1.0/lib/tinyusb/src/device/usbd.c.obj
                0x10005b30                tud_resume_cb
 .text.tud_mounted
                0x10005b34       0x10 CMakeFiles/final.dir/C_/Users/levi-/.pico-sdk/sdk/2.1.0/lib/tinyusb/src/device/usbd.c.obj
                0x10005b34                tud_mounted
 .text.tud_suspended
                0x10005b44       0x10 CMakeFiles/final.dir/C_/Users/levi-/.pico-sdk/sdk/2.1.0/lib/tinyusb/src/device/usbd.c.obj
                0x10005b44                tud_suspended
 .text.tud_init
                0x10005b54       0xe4 CMakeFiles/final.dir/C_/Users/levi-/.pico-sdk/sdk/2.1.0/lib/tinyusb/src/device/usbd.c.obj
                0x10005b54                tud_init
 .text.tud_task_ext
                0x10005c38      0x800 CMakeFiles/final.dir/C_/Users/levi-/.pico-sdk/sdk/2.1.0/lib/tinyusb/src/device/usbd.c.obj
                0x10005c38                tud_task_ext
 .text.usbd_open_edpt_pair
                0x10006438       0x9c CMakeFiles/final.dir/C_/Users/levi-/.pico-sdk/sdk/2.1.0/lib/tinyusb/src/device/usbd.c.obj
                0x10006438                usbd_open_edpt_pair
 .text.usbd_edpt_open
                0x100064d4       0x34 CMakeFiles/final.dir/C_/Users/levi-/.pico-sdk/sdk/2.1.0/lib/tinyusb/src/device/usbd.c.obj
                0x100064d4                usbd_edpt_open
 .text.usbd_edpt_claim
                0x10006508       0x28 CMakeFiles/final.dir/C_/Users/levi-/.pico-sdk/sdk/2.1.0/lib/tinyusb/src/device/usbd.c.obj
                0x10006508                usbd_edpt_claim
 .text.usbd_edpt_release
                0x10006530       0x28 CMakeFiles/final.dir/C_/Users/levi-/.pico-sdk/sdk/2.1.0/lib/tinyusb/src/device/usbd.c.obj
                0x10006530                usbd_edpt_release
 .text.usbd_edpt_xfer
                0x10006558       0x4c CMakeFiles/final.dir/C_/Users/levi-/.pico-sdk/sdk/2.1.0/lib/tinyusb/src/device/usbd.c.obj
                0x10006558                usbd_edpt_xfer
 .text.tud_control_status
                0x100065a4       0x2c CMakeFiles/final.dir/C_/Users/levi-/.pico-sdk/sdk/2.1.0/lib/tinyusb/src/device/usbd_control.c.obj
                0x100065a4                tud_control_status
 .text.tud_control_xfer
                0x100065d0       0xac CMakeFiles/final.dir/C_/Users/levi-/.pico-sdk/sdk/2.1.0/lib/tinyusb/src/device/usbd_control.c.obj
                0x100065d0                tud_control_xfer
 .text.usbd_control_reset
                0x1000667c       0x14 CMakeFiles/final.dir/C_/Users/levi-/.pico-sdk/sdk/2.1.0/lib/tinyusb/src/device/usbd_control.c.obj
                0x1000667c                usbd_control_reset
 .text.usbd_control_set_complete_callback
                0x10006690        0xc CMakeFiles/final.dir/C_/Users/levi-/.pico-sdk/sdk/2.1.0/lib/tinyusb/src/device/usbd_control.c.obj
                0x10006690                usbd_control_set_complete_callback
 .text.usbd_control_set_request
                0x1000669c       0x1c CMakeFiles/final.dir/C_/Users/levi-/.pico-sdk/sdk/2.1.0/lib/tinyusb/src/device/usbd_control.c.obj
                0x1000669c                usbd_control_set_request
 .text.usbd_control_xfer_cb
                0x100066b8       0xec CMakeFiles/final.dir/C_/Users/levi-/.pico-sdk/sdk/2.1.0/lib/tinyusb/src/device/usbd_control.c.obj
                0x100066b8                usbd_control_xfer_cb
 .text._prep_out_transaction.isra.0
                0x100067a4       0x5c CMakeFiles/final.dir/C_/Users/levi-/.pico-sdk/sdk/2.1.0/lib/tinyusb/src/class/cdc/cdc_device.c.obj
 .text.tud_cdc_n_connected
                0x10006800       0x30 CMakeFiles/final.dir/C_/Users/levi-/.pico-sdk/sdk/2.1.0/lib/tinyusb/src/class/cdc/cdc_device.c.obj
                0x10006800                tud_cdc_n_connected
 .text.tud_cdc_n_available
                0x10006830       0x18 CMakeFiles/final.dir/C_/Users/levi-/.pico-sdk/sdk/2.1.0/lib/tinyusb/src/class/cdc/cdc_device.c.obj
                0x10006830                tud_cdc_n_available
 .text.tud_cdc_n_read
                0x10006848       0x98 CMakeFiles/final.dir/C_/Users/levi-/.pico-sdk/sdk/2.1.0/lib/tinyusb/src/class/cdc/cdc_device.c.obj
                0x10006848                tud_cdc_n_read
 .text.tud_cdc_n_write_flush
                0x100068e0       0x78 CMakeFiles/final.dir/C_/Users/levi-/.pico-sdk/sdk/2.1.0/lib/tinyusb/src/class/cdc/cdc_device.c.obj
                0x100068e0                tud_cdc_n_write_flush
 .text.tud_cdc_n_write
                0x10006958       0x40 CMakeFiles/final.dir/C_/Users/levi-/.pico-sdk/sdk/2.1.0/lib/tinyusb/src/class/cdc/cdc_device.c.obj
                0x10006958                tud_cdc_n_write
 .text.tud_cdc_n_write_available
                0x10006998       0x18 CMakeFiles/final.dir/C_/Users/levi-/.pico-sdk/sdk/2.1.0/lib/tinyusb/src/class/cdc/cdc_device.c.obj
                0x10006998                tud_cdc_n_write_available
 .text.cdcd_init
                0x100069b0       0x7c CMakeFiles/final.dir/C_/Users/levi-/.pico-sdk/sdk/2.1.0/lib/tinyusb/src/class/cdc/cdc_device.c.obj
                0x100069b0                cdcd_init
 .text.cdcd_deinit
                0x10006a2c       0x34 CMakeFiles/final.dir/C_/Users/levi-/.pico-sdk/sdk/2.1.0/lib/tinyusb/src/class/cdc/cdc_device.c.obj
                0x10006a2c                cdcd_deinit
 .text.cdcd_reset
                0x10006a60       0x4c CMakeFiles/final.dir/C_/Users/levi-/.pico-sdk/sdk/2.1.0/lib/tinyusb/src/class/cdc/cdc_device.c.obj
                0x10006a60                cdcd_reset
 .text.cdcd_open
                0x10006aac       0xb0 CMakeFiles/final.dir/C_/Users/levi-/.pico-sdk/sdk/2.1.0/lib/tinyusb/src/class/cdc/cdc_device.c.obj
                0x10006aac                cdcd_open
 .text.cdcd_control_xfer_cb
                0x10006b5c       0xe4 CMakeFiles/final.dir/C_/Users/levi-/.pico-sdk/sdk/2.1.0/lib/tinyusb/src/class/cdc/cdc_device.c.obj
                0x10006b5c                cdcd_control_xfer_cb
 .text.cdcd_xfer_cb
                0x10006c40      0x100 CMakeFiles/final.dir/C_/Users/levi-/.pico-sdk/sdk/2.1.0/lib/tinyusb/src/class/cdc/cdc_device.c.obj
                0x10006c40                cdcd_xfer_cb
 .text.vendord_init
                0x10006d40       0x5c CMakeFiles/final.dir/C_/Users/levi-/.pico-sdk/sdk/2.1.0/lib/tinyusb/src/class/vendor/vendor_device.c.obj
                0x10006d40                vendord_init
 .text.vendord_deinit
                0x10006d9c       0x1c CMakeFiles/final.dir/C_/Users/levi-/.pico-sdk/sdk/2.1.0/lib/tinyusb/src/class/vendor/vendor_device.c.obj
                0x10006d9c                vendord_deinit
 .text.vendord_reset
                0x10006db8       0x20 CMakeFiles/final.dir/C_/Users/levi-/.pico-sdk/sdk/2.1.0/lib/tinyusb/src/class/vendor/vendor_device.c.obj
                0x10006db8                vendord_reset
 .text.vendord_open
                0x10006dd8      0x138 CMakeFiles/final.dir/C_/Users/levi-/.pico-sdk/sdk/2.1.0/lib/tinyusb/src/class/vendor/vendor_device.c.obj
                0x10006dd8                vendord_open
 .text.vendord_xfer_cb
                0x10006f10       0x9c CMakeFiles/final.dir/C_/Users/levi-/.pico-sdk/sdk/2.1.0/lib/tinyusb/src/class/vendor/vendor_device.c.obj
                0x10006f10                vendord_xfer_cb
 .text.tusb_init
                0x10006fac        0xc CMakeFiles/final.dir/C_/Users/levi-/.pico-sdk/sdk/2.1.0/lib/tinyusb/src/tusb.c.obj
                0x10006fac                tusb_init
 .text.tu_edpt_claim
                0x10006fb8       0x50 CMakeFiles/final.dir/C_/Users/levi-/.pico-sdk/sdk/2.1.0/lib/tinyusb/src/tusb.c.obj
                0x10006fb8                tu_edpt_claim
 .text.tu_edpt_release
                0x10007008       0x38 CMakeFiles/final.dir/C_/Users/levi-/.pico-sdk/sdk/2.1.0/lib/tinyusb/src/tusb.c.obj
                0x10007008                tu_edpt_release
 .text.tu_edpt_validate
                0x10007040       0x7c CMakeFiles/final.dir/C_/Users/levi-/.pico-sdk/sdk/2.1.0/lib/tinyusb/src/tusb.c.obj
                0x10007040                tu_edpt_validate
 .text.tu_edpt_bind_driver
                0x100070bc       0x34 CMakeFiles/final.dir/C_/Users/levi-/.pico-sdk/sdk/2.1.0/lib/tinyusb/src/tusb.c.obj
                0x100070bc                tu_edpt_bind_driver
 .text.tu_edpt_stream_init
                0x100070f0       0x6c CMakeFiles/final.dir/C_/Users/levi-/.pico-sdk/sdk/2.1.0/lib/tinyusb/src/tusb.c.obj
                0x100070f0                tu_edpt_stream_init
 .text.tu_edpt_stream_deinit
                0x1000715c        0x4 CMakeFiles/final.dir/C_/Users/levi-/.pico-sdk/sdk/2.1.0/lib/tinyusb/src/tusb.c.obj
                0x1000715c                tu_edpt_stream_deinit
 .text.tu_edpt_stream_write_zlp_if_needed
                0x10007160       0x68 CMakeFiles/final.dir/C_/Users/levi-/.pico-sdk/sdk/2.1.0/lib/tinyusb/src/tusb.c.obj
                0x10007160                tu_edpt_stream_write_zlp_if_needed
 .text.tu_edpt_stream_write_xfer
                0x100071c8       0x64 CMakeFiles/final.dir/C_/Users/levi-/.pico-sdk/sdk/2.1.0/lib/tinyusb/src/tusb.c.obj
                0x100071c8                tu_edpt_stream_write_xfer
 .text.tu_edpt_stream_read_xfer
                0x1000722c       0xdc CMakeFiles/final.dir/C_/Users/levi-/.pico-sdk/sdk/2.1.0/lib/tinyusb/src/tusb.c.obj
                0x1000722c                tu_edpt_stream_read_xfer
 .text.tu_fifo_config
                0x10007308       0x6c CMakeFiles/final.dir/C_/Users/levi-/.pico-sdk/sdk/2.1.0/lib/tinyusb/src/common/tusb_fifo.c.obj
                0x10007308                tu_fifo_config
 .text.tu_fifo_count
                0x10007374       0x2c CMakeFiles/final.dir/C_/Users/levi-/.pico-sdk/sdk/2.1.0/lib/tinyusb/src/common/tusb_fifo.c.obj
                0x10007374                tu_fifo_count
 .text.tu_fifo_empty
                0x100073a0       0x10 CMakeFiles/final.dir/C_/Users/levi-/.pico-sdk/sdk/2.1.0/lib/tinyusb/src/common/tusb_fifo.c.obj
                0x100073a0                tu_fifo_empty
 .text.tu_fifo_remaining
                0x100073b0       0x2c CMakeFiles/final.dir/C_/Users/levi-/.pico-sdk/sdk/2.1.0/lib/tinyusb/src/common/tusb_fifo.c.obj
                0x100073b0                tu_fifo_remaining
 .text.tu_fifo_read
                0x100073dc       0x9c CMakeFiles/final.dir/C_/Users/levi-/.pico-sdk/sdk/2.1.0/lib/tinyusb/src/common/tusb_fifo.c.obj
                0x100073dc                tu_fifo_read
 .text.tu_fifo_read_n
                0x10007478       0xe8 CMakeFiles/final.dir/C_/Users/levi-/.pico-sdk/sdk/2.1.0/lib/tinyusb/src/common/tusb_fifo.c.obj
                0x10007478                tu_fifo_read_n
 .text.tu_fifo_write
                0x10007560       0xa8 CMakeFiles/final.dir/C_/Users/levi-/.pico-sdk/sdk/2.1.0/lib/tinyusb/src/common/tusb_fifo.c.obj
                0x10007560                tu_fifo_write
 .text.tu_fifo_write_n
                0x10007608      0x178 CMakeFiles/final.dir/C_/Users/levi-/.pico-sdk/sdk/2.1.0/lib/tinyusb/src/common/tusb_fifo.c.obj
                0x10007608                tu_fifo_write_n
 .text.tu_fifo_clear
                0x10007780       0x40 CMakeFiles/final.dir/C_/Users/levi-/.pico-sdk/sdk/2.1.0/lib/tinyusb/src/common/tusb_fifo.c.obj
                0x10007780                tu_fifo_clear
 .text.tu_fifo_set_overwritable
                0x100077c0       0x48 CMakeFiles/final.dir/C_/Users/levi-/.pico-sdk/sdk/2.1.0/lib/tinyusb/src/common/tusb_fifo.c.obj
                0x100077c0                tu_fifo_set_overwritable
 .text.i2c_write_blocking_internal.constprop.0
                0x10007808       0xd0 CMakeFiles/final.dir/C_/Users/levi-/.pico-sdk/sdk/2.1.0/src/rp2_common/hardware_i2c/i2c.c.obj
 .text.i2c_set_baudrate
                0x100078d8       0xc0 CMakeFiles/final.dir/C_/Users/levi-/.pico-sdk/sdk/2.1.0/src/rp2_common/hardware_i2c/i2c.c.obj
                0x100078d8                i2c_set_baudrate
 .text.i2c_init
                0x10007998       0x50 CMakeFiles/final.dir/C_/Users/levi-/.pico-sdk/sdk/2.1.0/src/rp2_common/hardware_i2c/i2c.c.obj
                0x10007998                i2c_init
 .text.i2c_write_blocking
                0x100079e8       0x14 CMakeFiles/final.dir/C_/Users/levi-/.pico-sdk/sdk/2.1.0/src/rp2_common/hardware_i2c/i2c.c.obj
                0x100079e8                i2c_write_blocking
 .text.adc_init
                0x100079fc       0x38 CMakeFiles/final.dir/C_/Users/levi-/.pico-sdk/sdk/2.1.0/src/rp2_common/hardware_adc/adc.c.obj
                0x100079fc                adc_init
 .text.calloc   0x10007a34       0x18 C:/Users/levi-/.pico-sdk/toolchain/13_3_Rel1/bin/../lib/gcc/arm-none-eabi/13.3.1/thumb/v6-m/nofp\libg.a(libc_a-calloc.o)
                0x10007a34                calloc
 .text._calloc_r
                0x10007a4c       0xa8 C:/Users/levi-/.pico-sdk/toolchain/13_3_Rel1/bin/../lib/gcc/arm-none-eabi/13.3.1/thumb/v6-m/nofp\libg.a(libc_a-callocr.o)
                0x10007a4c                _calloc_r
 .text._malloc_r
                0x10007af4      0x5c4 C:/Users/levi-/.pico-sdk/toolchain/13_3_Rel1/bin/../lib/gcc/arm-none-eabi/13.3.1/thumb/v6-m/nofp\libg.a(libc_a-mallocr.o)
                0x10007af4                _malloc_r
 .text.__malloc_lock
                0x100080b8       0x10 C:/Users/levi-/.pico-sdk/toolchain/13_3_Rel1/bin/../lib/gcc/arm-none-eabi/13.3.1/thumb/v6-m/nofp\libg.a(libc_a-mlock.o)
                0x100080b8                __malloc_lock
 .text.__malloc_unlock
                0x100080c8       0x10 C:/Users/levi-/.pico-sdk/toolchain/13_3_Rel1/bin/../lib/gcc/arm-none-eabi/13.3.1/thumb/v6-m/nofp\libg.a(libc_a-mlock.o)
                0x100080c8                __malloc_unlock
 .text._sbrk_r  0x100080d8       0x24 C:/Users/levi-/.pico-sdk/toolchain/13_3_Rel1/bin/../lib/gcc/arm-none-eabi/13.3.1/thumb/v6-m/nofp\libg.a(libc_a-sbrkr.o)
                0x100080d8                _sbrk_r
 .text.__errno  0x100080fc        0xc C:/Users/levi-/.pico-sdk/toolchain/13_3_Rel1/bin/../lib/gcc/arm-none-eabi/13.3.1/thumb/v6-m/nofp\libg.a(libc_a-errno.o)
                0x100080fc                __errno
 .text.__retarget_lock_acquire_recursive
                0x10008108        0x4 C:/Users/levi-/.pico-sdk/toolchain/13_3_Rel1/bin/../lib/gcc/arm-none-eabi/13.3.1/thumb/v6-m/nofp\libg.a(libc_a-lock.o)
                0x10008108                __retarget_lock_acquire_recursive
 .text.__retarget_lock_release_recursive
                0x1000810c        0x4 C:/Users/levi-/.pico-sdk/toolchain/13_3_Rel1/bin/../lib/gcc/arm-none-eabi/13.3.1/thumb/v6-m/nofp\libg.a(libc_a-lock.o)
                0x1000810c                __retarget_lock_release_recursive
 .text.sysconf  0x10008110       0x1c C:/Users/levi-/.pico-sdk/toolchain/13_3_Rel1/bin/../lib/gcc/arm-none-eabi/13.3.1/thumb/v6-m/nofp\libg.a(libc_a-sysconf.o)
                0x10008110                sysconf
 .text.strlen   0x1000812c       0x5c C:/Users/levi-/.pico-sdk/toolchain/13_3_Rel1/bin/../lib/gcc/arm-none-eabi/13.3.1/thumb/v6-m/nofp\libg.a(libc_a-strlen-stub.o)
                0x1000812c                strlen
 .text._malloc_trim_r
                0x10008188       0xb4 C:/Users/levi-/.pico-sdk/toolchain/13_3_Rel1/bin/../lib/gcc/arm-none-eabi/13.3.1/thumb/v6-m/nofp\libg.a(libc_a-freer.o)
                0x10008188                _malloc_trim_r
 .text._free_r  0x1000823c      0x1d4 C:/Users/levi-/.pico-sdk/toolchain/13_3_Rel1/bin/../lib/gcc/arm-none-eabi/13.3.1/thumb/v6-m/nofp\libg.a(libc_a-freer.o)
                0x1000823c                _free_r
 *(.fini)
 .fini          0x10008410        0x4 C:/Users/levi-/.pico-sdk/toolchain/13_3_Rel1/bin/../lib/gcc/arm-none-eabi/13.3.1/thumb/v6-m/nofp/crti.o
                0x10008410                _fini
 *fill*         0x10008414        0x4 
 .fini.__stub   0x10008418       0xc0 linker stubs
 *crtbegin.o(.ctors)
 *crtbegin?.o(.ctors)
 *(EXCLUDE_FILE(*crtend.o *crtend?.o) .ctors)
 *(SORT_BY_NAME(.ctors.*))
 *(.ctors)
 *crtbegin.o(.dtors)
 *crtbegin?.o(.dtors)
 *(EXCLUDE_FILE(*crtend.o *crtend?.o) .dtors)
 *(SORT_BY_NAME(.dtors.*))
 *(.dtors)
                0x100084d8                        . = ALIGN (0x4)
                0x100084d8                        PROVIDE (__preinit_array_start = .)
 *(SORT_BY_NAME(.preinit_array.*))
 .preinit_array.00100
                0x100084d8        0x4 CMakeFiles/final.dir/C_/Users/levi-/.pico-sdk/sdk/2.1.0/src/rp2_common/pico_runtime_init/runtime_init.c.obj
                0x100084d8                __pre_init_runtime_init_early_resets
 .preinit_array.00101
                0x100084dc        0x4 CMakeFiles/final.dir/C_/Users/levi-/.pico-sdk/sdk/2.1.0/src/rp2_common/pico_runtime_init/runtime_init.c.obj
                0x100084dc                __pre_init_runtime_init_usb_power_down
 .preinit_array.00275
                0x100084e0        0x4 CMakeFiles/final.dir/C_/Users/levi-/.pico-sdk/sdk/2.1.0/src/rp2_common/pico_bit_ops/bit_ops_aeabi.S.obj
 .preinit_array.00300
                0x100084e4        0x4 CMakeFiles/final.dir/C_/Users/levi-/.pico-sdk/sdk/2.1.0/src/rp2_common/pico_mem_ops/mem_ops_aeabi.S.obj
 .preinit_array.00350
                0x100084e8        0x4 CMakeFiles/final.dir/C_/Users/levi-/.pico-sdk/sdk/2.1.0/src/rp2_common/pico_double/double_aeabi_rp2040.S.obj
 .preinit_array.00350
                0x100084ec        0x4 CMakeFiles/final.dir/C_/Users/levi-/.pico-sdk/sdk/2.1.0/src/rp2_common/pico_float/float_aeabi_rp2040.S.obj
 .preinit_array.00500
                0x100084f0        0x4 CMakeFiles/final.dir/C_/Users/levi-/.pico-sdk/sdk/2.1.0/src/rp2_common/pico_runtime_init/runtime_init.c.obj
                0x100084f0                __pre_init_runtime_init_clocks
 .preinit_array.00600
                0x100084f4        0x4 CMakeFiles/final.dir/C_/Users/levi-/.pico-sdk/sdk/2.1.0/src/rp2_common/pico_runtime_init/runtime_init.c.obj
                0x100084f4                __pre_init_runtime_init_post_clock_resets
 .preinit_array.00700
                0x100084f8        0x4 CMakeFiles/final.dir/C_/Users/levi-/.pico-sdk/sdk/2.1.0/src/rp2_common/pico_runtime_init/runtime_init.c.obj
                0x100084f8                __pre_init_runtime_init_rp2040_gpio_ie_disable
 .preinit_array.01000
                0x100084fc        0x4 CMakeFiles/final.dir/C_/Users/levi-/.pico-sdk/sdk/2.1.0/src/rp2_common/pico_runtime_init/runtime_init.c.obj
                0x100084fc                __pre_init_runtime_init_spin_locks_reset
 .preinit_array.01100
                0x10008500        0x4 CMakeFiles/final.dir/C_/Users/levi-/.pico-sdk/sdk/2.1.0/src/common/pico_sync/mutex.c.obj
                0x10008500                __pre_init_runtime_init_mutex
 .preinit_array.10080
                0x10008504        0x4 CMakeFiles/final.dir/C_/Users/levi-/.pico-sdk/sdk/2.1.0/src/rp2_common/pico_runtime_init/runtime_init.c.obj
                0x10008504                __pre_init_runtime_init_install_ram_vector_table
 .preinit_array.11000
                0x10008508        0x4 CMakeFiles/final.dir/C_/Users/levi-/.pico-sdk/sdk/2.1.0/src/common/pico_time/time.c.obj
                0x10008508                __pre_init_runtime_init_default_alarm_pool
 .preinit_array.YYYYY
                0x1000850c        0x4 CMakeFiles/final.dir/C_/Users/levi-/.pico-sdk/sdk/2.1.0/src/rp2_common/pico_runtime/runtime.c.obj
                0x1000850c                __pre_init_first_per_core_initializer
 .preinit_array.ZZZZZ.01200
                0x10008510        0x4 CMakeFiles/final.dir/C_/Users/levi-/.pico-sdk/sdk/2.1.0/src/rp2_common/hardware_irq/irq.c.obj
                0x10008510                __pre_init_runtime_init_per_core_irq_priorities
 *(.preinit_array)
                0x10008514                        PROVIDE (__preinit_array_end = .)
                0x10008514                        . = ALIGN (0x4)
                0x10008514                        PROVIDE (__init_array_start = .)
 *(SORT_BY_NAME(.init_array.*))
 *(.init_array)
 .init_array    0x10008514        0x4 C:/Users/levi-/.pico-sdk/toolchain/13_3_Rel1/bin/../lib/gcc/arm-none-eabi/13.3.1/thumb/v6-m/nofp/crtbegin.o
 .init_array    0x10008518        0x4 CMakeFiles/final.dir/C_/Users/levi-/.pico-sdk/sdk/2.1.0/src/rp2_common/pico_unique_id/unique_id.c.obj
                0x1000851c                        PROVIDE (__init_array_end = .)
                0x1000851c                        . = ALIGN (0x4)
                [!provide]                        PROVIDE (__fini_array_start = .)
 *(SORT_BY_NAME(.fini_array.*))
 *(.fini_array)
                [!provide]                        PROVIDE (__fini_array_end = .)
 *(.eh_frame*)
 .eh_frame      0x1000851c        0x0 C:/Users/levi-/.pico-sdk/toolchain/13_3_Rel1/bin/../lib/gcc/arm-none-eabi/13.3.1/thumb/v6-m/nofp/crtbegin.o
                0x1000851c                        . = ALIGN (0x4)

.glue_7         0x1000851c        0x0
 .glue_7        0x1000851c        0x0 linker stubs

.glue_7t        0x1000851c        0x0
 .glue_7t       0x1000851c        0x0 linker stubs

.vfp11_veneer   0x1000851c        0x0
 .vfp11_veneer  0x1000851c        0x0 linker stubs

.v4_bx          0x1000851c        0x0
 .v4_bx         0x1000851c        0x0 linker stubs

.iplt           0x1000851c        0x0
 .iplt          0x1000851c        0x0 C:/Users/levi-/.pico-sdk/toolchain/13_3_Rel1/bin/../lib/gcc/arm-none-eabi/13.3.1/thumb/v6-m/nofp/crtbegin.o

.rodata         0x10008520      0x9f8
 *(EXCLUDE_FILE(*libm.a: *libc.a:*lib_a-mem*.o *libgcc.a:) .rodata*)
 .rodata.manipulador_irq_gpio.str1.4
                0x10008520      0x330 CMakeFiles/final.dir/final.c.obj
                                 0xab (size before relaxing)
 .rodata.atualizar_led_rgb.str1.4
                0x10008850       0x1b CMakeFiles/final.dir/final.c.obj
 .rodata.atualizar_ssd.str1.4
                0x10008850       0x5e CMakeFiles/final.dir/final.c.obj
 .rodata.monitorar_variaveis.part.0.str1.4
                0x10008850       0x22 CMakeFiles/final.dir/final.c.obj
 .rodata.main.str1.4
                0x10008850       0x21 CMakeFiles/final.dir/final.c.obj
 .rodata.font   0x10008850      0x1f8 CMakeFiles/final.dir/inc/ssd1306.c.obj
 .rodata.panic.str1.4
                0x10008a48       0x12 CMakeFiles/final.dir/C_/Users/levi-/.pico-sdk/sdk/2.1.0/src/rp2_common/pico_platform_panic/panic.c.obj
 .rodata.spin_lock_claim_unused.str1.4
                0x10008a48       0x1b CMakeFiles/final.dir/C_/Users/levi-/.pico-sdk/sdk/2.1.0/src/rp2_common/hardware_sync/sync.c.obj
 .rodata.user_irq_claim_unused.str1.4
                0x10008a48       0x1b CMakeFiles/final.dir/C_/Users/levi-/.pico-sdk/sdk/2.1.0/src/rp2_common/hardware_irq/irq.c.obj
 .rodata.timer_hardware_alarm_claim.str1.4
                0x10008a48       0x22 CMakeFiles/final.dir/C_/Users/levi-/.pico-sdk/sdk/2.1.0/src/rp2_common/hardware_timer/timer.c.obj
 .rodata.hard_assertion_failure.str1.4
                0x10008a48        0xc CMakeFiles/final.dir/C_/Users/levi-/.pico-sdk/sdk/2.1.0/src/rp2_common/pico_runtime/runtime.c.obj
 .rodata.missing_double_func_shim.str1.4
                0x10008a48       0x18 CMakeFiles/final.dir/C_/Users/levi-/.pico-sdk/sdk/2.1.0/src/rp2_common/pico_double/double_init_rom_rp2040.c.obj
 .rodata.missing_float_func_shim.str1.4
                0x10008a48        0x1 CMakeFiles/final.dir/C_/Users/levi-/.pico-sdk/sdk/2.1.0/src/rp2_common/pico_float/float_init_rom_rp2040.c.obj
 .rodata.__wrap_malloc.str1.4
                0x10008a48        0xe CMakeFiles/final.dir/C_/Users/levi-/.pico-sdk/sdk/2.1.0/src/rp2_common/pico_malloc/malloc.c.obj
 .rodata.str1.4
                0x10008a48       0x40 CMakeFiles/final.dir/C_/Users/levi-/.pico-sdk/sdk/2.1.0/src/rp2_common/pico_standard_binary_info/standard_binary_info.c.obj
 .rodata.__bi_84
                0x10008a48        0xc CMakeFiles/final.dir/C_/Users/levi-/.pico-sdk/sdk/2.1.0/src/rp2_common/pico_standard_binary_info/standard_binary_info.c.obj
 .rodata.__bi_78
                0x10008a54        0xc CMakeFiles/final.dir/C_/Users/levi-/.pico-sdk/sdk/2.1.0/src/rp2_common/pico_standard_binary_info/standard_binary_info.c.obj
 .rodata.__bi_60
                0x10008a60        0xc CMakeFiles/final.dir/C_/Users/levi-/.pico-sdk/sdk/2.1.0/src/rp2_common/pico_standard_binary_info/standard_binary_info.c.obj
 .rodata.__bi_54
                0x10008a6c        0xc CMakeFiles/final.dir/C_/Users/levi-/.pico-sdk/sdk/2.1.0/src/rp2_common/pico_standard_binary_info/standard_binary_info.c.obj
 .rodata.__bi_48
                0x10008a78        0xc CMakeFiles/final.dir/C_/Users/levi-/.pico-sdk/sdk/2.1.0/src/rp2_common/pico_standard_binary_info/standard_binary_info.c.obj
 .rodata.__bi_42
                0x10008a84        0xc CMakeFiles/final.dir/C_/Users/levi-/.pico-sdk/sdk/2.1.0/src/rp2_common/pico_standard_binary_info/standard_binary_info.c.obj
 .rodata.__bi_34
                0x10008a90        0xc CMakeFiles/final.dir/C_/Users/levi-/.pico-sdk/sdk/2.1.0/src/rp2_common/pico_standard_binary_info/standard_binary_info.c.obj
 .rodata.__bi_26
                0x10008a9c        0xc CMakeFiles/final.dir/C_/Users/levi-/.pico-sdk/sdk/2.1.0/src/rp2_common/pico_standard_binary_info/standard_binary_info.c.obj
 .rodata._ftoa.str1.4
                0x10008aa8       0x15 CMakeFiles/final.dir/C_/Users/levi-/.pico-sdk/sdk/2.1.0/src/rp2_common/pico_printf/printf.c.obj
 .rodata._vsnprintf
                0x10008aa8      0x19c CMakeFiles/final.dir/C_/Users/levi-/.pico-sdk/sdk/2.1.0/src/rp2_common/pico_printf/printf.c.obj
 *fill*         0x10008c44        0x4 
 .rodata.pow10.0
                0x10008c48       0x50 CMakeFiles/final.dir/C_/Users/levi-/.pico-sdk/sdk/2.1.0/src/rp2_common/pico_printf/printf.c.obj
 .rodata.crlf_str.0
                0x10008c98        0x2 CMakeFiles/final.dir/C_/Users/levi-/.pico-sdk/sdk/2.1.0/src/rp2_common/pico_stdio/stdio.c.obj
 .rodata.str1.4
                0x10008c9a       0x2c CMakeFiles/final.dir/C_/Users/levi-/.pico-sdk/sdk/2.1.0/src/rp2_common/pico_stdio_uart/stdio_uart.c.obj
 *fill*         0x10008c9a        0x2 
 .rodata.__bi_45.4
                0x10008c9c        0xc CMakeFiles/final.dir/C_/Users/levi-/.pico-sdk/sdk/2.1.0/src/rp2_common/pico_stdio_uart/stdio_uart.c.obj
 .rodata.__bi_49.5
                0x10008ca8        0x8 CMakeFiles/final.dir/C_/Users/levi-/.pico-sdk/sdk/2.1.0/src/rp2_common/pico_stdio_uart/stdio_uart.c.obj
 .rodata.__bi_50.6
                0x10008cb0        0x8 CMakeFiles/final.dir/C_/Users/levi-/.pico-sdk/sdk/2.1.0/src/rp2_common/pico_stdio_uart/stdio_uart.c.obj
 .rodata._resetd_driver
                0x10008cb8       0x20 CMakeFiles/final.dir/C_/Users/levi-/.pico-sdk/sdk/2.1.0/src/rp2_common/pico_stdio_usb/reset_interface.c.obj
 .rodata.desc_ms_os_20
                0x10008cd8       0xa6 CMakeFiles/final.dir/C_/Users/levi-/.pico-sdk/sdk/2.1.0/src/rp2_common/pico_stdio_usb/reset_interface.c.obj
 *fill*         0x10008d7e        0x2 
 .rodata.desc_bos
                0x10008d80       0x21 CMakeFiles/final.dir/C_/Users/levi-/.pico-sdk/sdk/2.1.0/src/rp2_common/pico_stdio_usb/reset_interface.c.obj
                0x10008d80                desc_bos
 .rodata.str1.4
                0x10008da1       0x13 CMakeFiles/final.dir/C_/Users/levi-/.pico-sdk/sdk/2.1.0/src/rp2_common/pico_stdio_usb/stdio_usb.c.obj
 *fill*         0x10008da1        0x3 
 .rodata.__bi_197.0
                0x10008da4        0xc CMakeFiles/final.dir/C_/Users/levi-/.pico-sdk/sdk/2.1.0/src/rp2_common/pico_stdio_usb/stdio_usb.c.obj
 .rodata.str1.4
                0x10008db0       0x2a CMakeFiles/final.dir/C_/Users/levi-/.pico-sdk/sdk/2.1.0/src/rp2_common/pico_stdio_usb/stdio_usb_descriptors.c.obj
 .rodata.usbd_desc_str
                0x10008db0       0x18 CMakeFiles/final.dir/C_/Users/levi-/.pico-sdk/sdk/2.1.0/src/rp2_common/pico_stdio_usb/stdio_usb_descriptors.c.obj
 .rodata.usbd_desc_cfg
                0x10008dc8       0x54 CMakeFiles/final.dir/C_/Users/levi-/.pico-sdk/sdk/2.1.0/src/rp2_common/pico_stdio_usb/stdio_usb_descriptors.c.obj
 .rodata.usbd_desc_device
                0x10008e1c       0x12 CMakeFiles/final.dir/C_/Users/levi-/.pico-sdk/sdk/2.1.0/src/rp2_common/pico_stdio_usb/stdio_usb_descriptors.c.obj
 .rodata.str1.4
                0x10008e2e       0x14 CMakeFiles/final.dir/C_/Users/levi-/.pico-sdk/sdk/2.1.0/lib/tinyusb/src/portable/raspberrypi/rp2040/dcd_rp2040.c.obj
 .rodata.str1.4
                0x10008e2e       0x48 CMakeFiles/final.dir/C_/Users/levi-/.pico-sdk/sdk/2.1.0/lib/tinyusb/src/portable/raspberrypi/rp2040/rp2040_usb.c.obj
 *fill*         0x10008e2e        0x2 
 .rodata.tud_task_ext
                0x10008e30       0x8c CMakeFiles/final.dir/C_/Users/levi-/.pico-sdk/sdk/2.1.0/lib/tinyusb/src/device/usbd.c.obj
 .rodata        0x10008ebc       0x1c CMakeFiles/final.dir/C_/Users/levi-/.pico-sdk/sdk/2.1.0/lib/tinyusb/src/device/usbd.c.obj
 .rodata._usbd_driver
                0x10008ed8       0x40 CMakeFiles/final.dir/C_/Users/levi-/.pico-sdk/sdk/2.1.0/lib/tinyusb/src/device/usbd.c.obj
                0x10008f18                        . = ALIGN (0x4)
 *(SORT_BY_ALIGNMENT(SORT_BY_NAME(.flashdata*)))
                0x10008f18                        . = ALIGN (0x4)

.ARM.extab
 *(.ARM.extab* .gnu.linkonce.armextab.*)
                0x10008f18                        __exidx_start = .

.ARM.exidx
 *(.ARM.exidx* .gnu.linkonce.armexidx.*)
                0x10008f18                        __exidx_end = .
                0x10008f18                        . = ALIGN (0x4)
                0x10008f18                        __binary_info_start = .

.binary_info    0x10008f18       0x30
 *(.binary_info.keep.*)
 .binary_info.keep.__bi_ptr84
                0x10008f18        0x4 CMakeFiles/final.dir/C_/Users/levi-/.pico-sdk/sdk/2.1.0/src/rp2_common/pico_standard_binary_info/standard_binary_info.c.obj
 .binary_info.keep.__bi_ptr78
                0x10008f1c        0x4 CMakeFiles/final.dir/C_/Users/levi-/.pico-sdk/sdk/2.1.0/src/rp2_common/pico_standard_binary_info/standard_binary_info.c.obj
 .binary_info.keep.__bi_ptr60
                0x10008f20        0x4 CMakeFiles/final.dir/C_/Users/levi-/.pico-sdk/sdk/2.1.0/src/rp2_common/pico_standard_binary_info/standard_binary_info.c.obj
 .binary_info.keep.__bi_ptr54
                0x10008f24        0x4 CMakeFiles/final.dir/C_/Users/levi-/.pico-sdk/sdk/2.1.0/src/rp2_common/pico_standard_binary_info/standard_binary_info.c.obj
 .binary_info.keep.__bi_ptr48
                0x10008f28        0x4 CMakeFiles/final.dir/C_/Users/levi-/.pico-sdk/sdk/2.1.0/src/rp2_common/pico_standard_binary_info/standard_binary_info.c.obj
 .binary_info.keep.__bi_ptr42
                0x10008f2c        0x4 CMakeFiles/final.dir/C_/Users/levi-/.pico-sdk/sdk/2.1.0/src/rp2_common/pico_standard_binary_info/standard_binary_info.c.obj
 .binary_info.keep.__bi_ptr34
                0x10008f30        0x4 CMakeFiles/final.dir/C_/Users/levi-/.pico-sdk/sdk/2.1.0/src/rp2_common/pico_standard_binary_info/standard_binary_info.c.obj
 .binary_info.keep.__bi_ptr26
                0x10008f34        0x4 CMakeFiles/final.dir/C_/Users/levi-/.pico-sdk/sdk/2.1.0/src/rp2_common/pico_standard_binary_info/standard_binary_info.c.obj
 *(.binary_info.*)
 .binary_info.__bi_ptr50
                0x10008f38        0x4 CMakeFiles/final.dir/C_/Users/levi-/.pico-sdk/sdk/2.1.0/src/rp2_common/pico_stdio_uart/stdio_uart.c.obj
 .binary_info.__bi_ptr49
                0x10008f3c        0x4 CMakeFiles/final.dir/C_/Users/levi-/.pico-sdk/sdk/2.1.0/src/rp2_common/pico_stdio_uart/stdio_uart.c.obj
 .binary_info.__bi_ptr45
                0x10008f40        0x4 CMakeFiles/final.dir/C_/Users/levi-/.pico-sdk/sdk/2.1.0/src/rp2_common/pico_stdio_uart/stdio_uart.c.obj
 .binary_info.__bi_ptr197
                0x10008f44        0x4 CMakeFiles/final.dir/C_/Users/levi-/.pico-sdk/sdk/2.1.0/src/rp2_common/pico_stdio_usb/stdio_usb.c.obj
                0x10008f48                        __binary_info_end = .

.rel.dyn        0x10008f48        0x0
 .rel.iplt      0x10008f48        0x0 C:/Users/levi-/.pico-sdk/toolchain/13_3_Rel1/bin/../lib/gcc/arm-none-eabi/13.3.1/thumb/v6-m/nofp/crtbegin.o
                0x10008f48                        . = ALIGN (0x4)

.ram_vector_table
                0x20000000       0xc0
 *(.ram_vector_table)
 .ram_vector_table
                0x20000000       0xc0 CMakeFiles/final.dir/C_/Users/levi-/.pico-sdk/sdk/2.1.0/src/rp2_common/pico_runtime_init/runtime_init.c.obj
                0x20000000                ram_vector_table

.uninitialized_data
                0x200000c0        0x0
                0x200000c0                        . = ALIGN (0x4)
 *(.uninitialized_data*)

.data           0x200000c0     0x1520 load address 0x10008f48
                0x200000c0                        __data_start__ = .
 *(vtable)
 *(.time_critical*)
 .time_critical.mutex_try_enter
                0x200000c0       0x40 CMakeFiles/final.dir/C_/Users/levi-/.pico-sdk/sdk/2.1.0/src/common/pico_sync/mutex.c.obj
                0x200000c0                mutex_try_enter
 .time_critical.mutex_try_enter_block_until
                0x20000100       0x9c CMakeFiles/final.dir/C_/Users/levi-/.pico-sdk/sdk/2.1.0/src/common/pico_sync/mutex.c.obj
                0x20000100                mutex_try_enter_block_until
 .time_critical.mutex_enter_timeout_ms
                0x2000019c       0x90 CMakeFiles/final.dir/C_/Users/levi-/.pico-sdk/sdk/2.1.0/src/common/pico_sync/mutex.c.obj
                0x2000019c                mutex_enter_timeout_ms
 .time_critical.mutex_exit
                0x2000022c       0x28 CMakeFiles/final.dir/C_/Users/levi-/.pico-sdk/sdk/2.1.0/src/common/pico_sync/mutex.c.obj
                0x2000022c                mutex_exit
 .time_critical.flash_init_boot2_copyout
                0x20000254       0x30 CMakeFiles/final.dir/C_/Users/levi-/.pico-sdk/sdk/2.1.0/src/rp2_common/hardware_flash/flash.c.obj
 .time_critical.flash_enable_xip_via_boot2
                0x20000284        0xc CMakeFiles/final.dir/C_/Users/levi-/.pico-sdk/sdk/2.1.0/src/rp2_common/hardware_flash/flash.c.obj
 .time_critical.flash_cs_force
                0x20000290       0x38 CMakeFiles/final.dir/C_/Users/levi-/.pico-sdk/sdk/2.1.0/src/rp2_common/hardware_flash/flash.c.obj
 .time_critical.flash_do_cmd
                0x200002c8       0xc0 CMakeFiles/final.dir/C_/Users/levi-/.pico-sdk/sdk/2.1.0/src/rp2_common/hardware_flash/flash.c.obj
                0x200002c8                flash_do_cmd
 .time_critical.reset_non_control_endpoints
                0x20000388       0x68 CMakeFiles/final.dir/C_/Users/levi-/.pico-sdk/sdk/2.1.0/lib/tinyusb/src/portable/raspberrypi/rp2040/dcd_rp2040.c.obj
 .time_critical.hw_handle_buff_status
                0x200003f0       0xb0 CMakeFiles/final.dir/C_/Users/levi-/.pico-sdk/sdk/2.1.0/lib/tinyusb/src/portable/raspberrypi/rp2040/dcd_rp2040.c.obj
 .time_critical.dcd_rp2040_irq
                0x200004a0      0x578 CMakeFiles/final.dir/C_/Users/levi-/.pico-sdk/sdk/2.1.0/lib/tinyusb/src/portable/raspberrypi/rp2040/dcd_rp2040.c.obj
 .time_critical.prepare_ep_buffer
                0x20000a18       0xe0 CMakeFiles/final.dir/C_/Users/levi-/.pico-sdk/sdk/2.1.0/lib/tinyusb/src/portable/raspberrypi/rp2040/rp2040_usb.c.obj
 .time_critical.sync_ep_buffer
                0x20000af8       0xa8 CMakeFiles/final.dir/C_/Users/levi-/.pico-sdk/sdk/2.1.0/lib/tinyusb/src/portable/raspberrypi/rp2040/rp2040_usb.c.obj
 .time_critical._hw_endpoint_xfer_sync
                0x20000ba0       0x28 CMakeFiles/final.dir/C_/Users/levi-/.pico-sdk/sdk/2.1.0/lib/tinyusb/src/portable/raspberrypi/rp2040/rp2040_usb.c.obj
 .time_critical.e15_is_bulkin_ep
                0x20000bc8       0x28 CMakeFiles/final.dir/C_/Users/levi-/.pico-sdk/sdk/2.1.0/lib/tinyusb/src/portable/raspberrypi/rp2040/rp2040_usb.c.obj
 .time_critical.e15_is_critical_frame_period
                0x20000bf0       0x34 CMakeFiles/final.dir/C_/Users/levi-/.pico-sdk/sdk/2.1.0/lib/tinyusb/src/portable/raspberrypi/rp2040/rp2040_usb.c.obj
 .time_critical.hw_endpoint_reset_transfer
                0x20000c24        0xc CMakeFiles/final.dir/C_/Users/levi-/.pico-sdk/sdk/2.1.0/lib/tinyusb/src/portable/raspberrypi/rp2040/rp2040_usb.c.obj
                0x20000c24                hw_endpoint_reset_transfer
 .time_critical._hw_endpoint_buffer_control_update32
                0x20000c30       0x50 CMakeFiles/final.dir/C_/Users/levi-/.pico-sdk/sdk/2.1.0/lib/tinyusb/src/portable/raspberrypi/rp2040/rp2040_usb.c.obj
                0x20000c30                _hw_endpoint_buffer_control_update32
 .time_critical.hw_endpoint_start_next_buffer
                0x20000c80       0x6c CMakeFiles/final.dir/C_/Users/levi-/.pico-sdk/sdk/2.1.0/lib/tinyusb/src/portable/raspberrypi/rp2040/rp2040_usb.c.obj
                0x20000c80                hw_endpoint_start_next_buffer
 .time_critical.hw_endpoint_xfer_continue
                0x20000cec       0x40 CMakeFiles/final.dir/C_/Users/levi-/.pico-sdk/sdk/2.1.0/lib/tinyusb/src/portable/raspberrypi/rp2040/rp2040_usb.c.obj
                0x20000cec                hw_endpoint_xfer_continue
 .time_critical.tinyusb
                0x20000d2c      0x1e4 CMakeFiles/final.dir/C_/Users/levi-/.pico-sdk/sdk/2.1.0/lib/tinyusb/src/device/usbd.c.obj
                0x20000d2c                dcd_event_handler
 *(.text*)
 .text          0x20000f10        0x4 C:/Users/levi-/.pico-sdk/toolchain/13_3_Rel1/bin/../lib/gcc/arm-none-eabi/13.3.1/thumb/v6-m/nofp\libgcc.a(_dvmd_tls.o)
                0x20000f10                __aeabi_idiv0
                0x20000f10                __aeabi_ldiv0
 *fill*         0x20000f14        0x4 
 .text.__stub   0x20000f18       0x80 linker stubs
                0x20000f98                        . = ALIGN (0x4)
 *(.rodata*)
                0x20000f98                        . = ALIGN (0x4)
 *(.data*)
 .data.striped_spin_lock_num
                0x20000f98        0x1 CMakeFiles/final.dir/C_/Users/levi-/.pico-sdk/sdk/2.1.0/src/rp2_common/hardware_sync/sync.c.obj
 *fill*         0x20000f99        0x3 
 .data          0x20000f9c       0x48 CMakeFiles/final.dir/C_/Users/levi-/.pico-sdk/sdk/2.1.0/src/rp2_common/hardware_irq/irq_handler_chain.S.obj
                0x20000f9c                irq_handler_chain_slots
                0x20000fcc                irq_handler_chain_first_slot
                0x20000fd6                irq_handler_chain_remove_tail
 .data.default_alarm_pool
                0x20000fe4       0x18 CMakeFiles/final.dir/C_/Users/levi-/.pico-sdk/sdk/2.1.0/src/common/pico_time/time.c.obj
 *fill*         0x20000ffc        0x4 
 .data.aeabi_bits_funcs
                0x20001000       0x10 CMakeFiles/final.dir/C_/Users/levi-/.pico-sdk/sdk/2.1.0/src/rp2_common/pico_bit_ops/bit_ops_aeabi.S.obj
                0x20001000                aeabi_bits_funcs
                0x20001010                aeabi_bits_funcs_end
 .data.aeabi_mem_funcs
                0x20001010       0x10 CMakeFiles/final.dir/C_/Users/levi-/.pico-sdk/sdk/2.1.0/src/rp2_common/pico_mem_ops/mem_ops_aeabi.S.obj
                0x20001010                aeabi_mem_funcs
                0x20001020                aeabi_mem_funcs_end
 .data.stdio_uart
                0x20001020       0x18 CMakeFiles/final.dir/C_/Users/levi-/.pico-sdk/sdk/2.1.0/src/rp2_common/pico_stdio_uart/stdio_uart.c.obj
                0x20001020                stdio_uart
 .data.stdio_usb
                0x20001038       0x18 CMakeFiles/final.dir/C_/Users/levi-/.pico-sdk/sdk/2.1.0/src/rp2_common/pico_stdio_usb/stdio_usb.c.obj
                0x20001038                stdio_usb
 .data._usbd_qdef
                0x20001050       0x1c CMakeFiles/final.dir/C_/Users/levi-/.pico-sdk/sdk/2.1.0/lib/tinyusb/src/device/usbd.c.obj
                0x20001050                _usbd_qdef
 .data._usbd_rhport
                0x2000106c        0x1 CMakeFiles/final.dir/C_/Users/levi-/.pico-sdk/sdk/2.1.0/lib/tinyusb/src/device/usbd.c.obj
 *fill*         0x2000106d        0x3 
 .data.i2c1_inst
                0x20001070        0x8 CMakeFiles/final.dir/C_/Users/levi-/.pico-sdk/sdk/2.1.0/src/rp2_common/hardware_i2c/i2c.c.obj
                0x20001070                i2c1_inst
 .data.i2c0_inst
                0x20001078        0x8 CMakeFiles/final.dir/C_/Users/levi-/.pico-sdk/sdk/2.1.0/src/rp2_common/hardware_i2c/i2c.c.obj
                0x20001078                i2c0_inst
 .data.__malloc_sbrk_base
                0x20001080        0x4 C:/Users/levi-/.pico-sdk/toolchain/13_3_Rel1/bin/../lib/gcc/arm-none-eabi/13.3.1/thumb/v6-m/nofp\libg.a(libc_a-mallocr.o)
                0x20001080                __malloc_sbrk_base
 .data.__malloc_trim_threshold
                0x20001084        0x4 C:/Users/levi-/.pico-sdk/toolchain/13_3_Rel1/bin/../lib/gcc/arm-none-eabi/13.3.1/thumb/v6-m/nofp\libg.a(libc_a-mallocr.o)
                0x20001084                __malloc_trim_threshold
 .data.__malloc_av_
                0x20001088      0x408 C:/Users/levi-/.pico-sdk/toolchain/13_3_Rel1/bin/../lib/gcc/arm-none-eabi/13.3.1/thumb/v6-m/nofp\libg.a(libc_a-mallocr.o)
                0x20001088                __malloc_av_
 .data._impure_ptr
                0x20001490        0x4 C:/Users/levi-/.pico-sdk/toolchain/13_3_Rel1/bin/../lib/gcc/arm-none-eabi/13.3.1/thumb/v6-m/nofp\libg.a(libc_a-impure.o)
                0x20001490                _impure_ptr
 *fill*         0x20001494        0x4 
 .data._impure_data
                0x20001498      0x140 C:/Users/levi-/.pico-sdk/toolchain/13_3_Rel1/bin/../lib/gcc/arm-none-eabi/13.3.1/thumb/v6-m/nofp\libg.a(libc_a-impure.o)
                0x20001498                _impure_data
                0x200015d8                        . = ALIGN (0x4)
 *(.after_data.*)
                0x200015d8                        . = ALIGN (0x4)
                0x200015d8                        PROVIDE (__mutex_array_start = .)
 *(SORT_BY_NAME(.mutex_array.*))
 *(.mutex_array)
 .mutex_array   0x200015d8        0x8 CMakeFiles/final.dir/C_/Users/levi-/.pico-sdk/sdk/2.1.0/src/rp2_common/pico_stdio/stdio.c.obj
                0x200015e0                        PROVIDE (__mutex_array_end = .)
                0x200015e0                        . = ALIGN (0x4)
 *(.jcr)
                0x200015e0                        . = ALIGN (0x4)

.tm_clone_table
                0x200015e0        0x0 load address 0x1000a468
 .tm_clone_table
                0x200015e0        0x0 C:/Users/levi-/.pico-sdk/toolchain/13_3_Rel1/bin/../lib/gcc/arm-none-eabi/13.3.1/thumb/v6-m/nofp/crtbegin.o
 .tm_clone_table
                0x200015e0        0x0 C:/Users/levi-/.pico-sdk/toolchain/13_3_Rel1/bin/../lib/gcc/arm-none-eabi/13.3.1/thumb/v6-m/nofp/crtend.o

.igot.plt       0x200015e0        0x0 load address 0x1000a468
 .igot.plt      0x200015e0        0x0 C:/Users/levi-/.pico-sdk/toolchain/13_3_Rel1/bin/../lib/gcc/arm-none-eabi/13.3.1/thumb/v6-m/nofp/crtbegin.o

.tdata          0x200015e0        0x0 load address 0x1000a468
                0x200015e0                        . = ALIGN (0x4)
 *(.tdata .tdata.* .gnu.linkonce.td.*)
                0x200015e0                        __tdata_end = .
                0x200015e0                        PROVIDE (__data_end__ = .)
                0x10008f48                        __etext = LOADADDR (.data)

.tbss           0x200015e0        0x0 load address 0x1000a468
                0x200015e0                        . = ALIGN (0x4)
                0x200015e0                        __bss_start__ = .
                0x200015e0                        __tls_base = .
 *(.tbss .tbss.* .gnu.linkonce.tb.*)
 *(.tcommon)
                0x200015e0                        __tls_end = .

.bss            0x200015e0     0x123c load address 0x1000a468
                0x200015e0                        . = ALIGN (0x4)
                0x200015e0                        __tbss_end = .
 *(SORT_BY_ALIGNMENT(SORT_BY_NAME(.bss*)))
 .bss.Debounc_antes
                0x200015e0        0x8 CMakeFiles/final.dir/final.c.obj
 .bss.default_alarm_pool_entries
                0x200015e8      0x180 CMakeFiles/final.dir/C_/Users/levi-/.pico-sdk/sdk/2.1.0/src/common/pico_time/time.c.obj
 .bss.last_avail_time.1
                0x20001768        0x8 CMakeFiles/final.dir/C_/Users/levi-/.pico-sdk/sdk/2.1.0/src/rp2_common/pico_stdio_usb/stdio_usb.c.obj
 .bss.sd_table  0x20001770      0x100 CMakeFiles/final.dir/C_/Users/levi-/.pico-sdk/sdk/2.1.0/src/rp2_common/pico_double/double_init_rom_rp2040.c.obj
                0x20001770                sd_table
 .bss.tempo_inicio_alarme.0
                0x20001870        0x8 CMakeFiles/final.dir/final.c.obj
 .bss.__lock___malloc_recursive_mutex
                0x20001878        0x1 C:/Users/levi-/.pico-sdk/toolchain/13_3_Rel1/bin/../lib/gcc/arm-none-eabi/13.3.1/thumb/v6-m/nofp\libg.a(libc_a-lock.o)
                0x20001878                __lock___malloc_recursive_mutex
 *fill*         0x20001879        0x3 
 .bss.__malloc_current_mallinfo
                0x2000187c       0x28 C:/Users/levi-/.pico-sdk/toolchain/13_3_Rel1/bin/../lib/gcc/arm-none-eabi/13.3.1/thumb/v6-m/nofp\libg.a(libc_a-mallocr.o)
                0x2000187c                __malloc_current_mallinfo
 .bss.__malloc_max_sbrked_mem
                0x200018a4        0x4 C:/Users/levi-/.pico-sdk/toolchain/13_3_Rel1/bin/../lib/gcc/arm-none-eabi/13.3.1/thumb/v6-m/nofp\libg.a(libc_a-mallocr.o)
                0x200018a4                __malloc_max_sbrked_mem
 .bss.__malloc_max_total_mem
                0x200018a8        0x4 C:/Users/levi-/.pico-sdk/toolchain/13_3_Rel1/bin/../lib/gcc/arm-none-eabi/13.3.1/thumb/v6-m/nofp\libg.a(libc_a-mallocr.o)
                0x200018a8                __malloc_max_total_mem
 .bss.__malloc_top_pad
                0x200018ac        0x4 C:/Users/levi-/.pico-sdk/toolchain/13_3_Rel1/bin/../lib/gcc/arm-none-eabi/13.3.1/thumb/v6-m/nofp\libg.a(libc_a-mallocr.o)
                0x200018ac                __malloc_top_pad
 .bss.__sf      0x200018b0      0x138 C:/Users/levi-/.pico-sdk/toolchain/13_3_Rel1/bin/../lib/gcc/arm-none-eabi/13.3.1/thumb/v6-m/nofp\libg.a(libc_a-findfp.o)
                0x200018b0                __sf
 .bss._app_driver
                0x200019e8        0x4 CMakeFiles/final.dir/C_/Users/levi-/.pico-sdk/sdk/2.1.0/lib/tinyusb/src/device/usbd.c.obj
 .bss._cdcd_fifo_cfg
                0x200019ec        0x1 CMakeFiles/final.dir/C_/Users/levi-/.pico-sdk/sdk/2.1.0/lib/tinyusb/src/class/cdc/cdc_device.c.obj
 *fill*         0x200019ed        0x3 
 .bss._cdcd_itf
                0x200019f0      0x2c8 CMakeFiles/final.dir/C_/Users/levi-/.pico-sdk/sdk/2.1.0/lib/tinyusb/src/class/cdc/cdc_device.c.obj
 .bss._ctrl_xfer
                0x20001cb8       0x14 CMakeFiles/final.dir/C_/Users/levi-/.pico-sdk/sdk/2.1.0/lib/tinyusb/src/device/usbd_control.c.obj
 .bss._ubsd_mutexdef
                0x20001ccc        0x8 CMakeFiles/final.dir/C_/Users/levi-/.pico-sdk/sdk/2.1.0/lib/tinyusb/src/device/usbd.c.obj
 .bss._usbd_ctrl_buf
                0x20001cd4       0x40 CMakeFiles/final.dir/C_/Users/levi-/.pico-sdk/sdk/2.1.0/lib/tinyusb/src/device/usbd_control.c.obj
 .bss._usbd_dev
                0x20001d14       0x54 CMakeFiles/final.dir/C_/Users/levi-/.pico-sdk/sdk/2.1.0/lib/tinyusb/src/device/usbd.c.obj
 .bss._usbd_mutex
                0x20001d68        0x4 CMakeFiles/final.dir/C_/Users/levi-/.pico-sdk/sdk/2.1.0/lib/tinyusb/src/device/usbd.c.obj
 .bss._usbd_q   0x20001d6c        0x4 CMakeFiles/final.dir/C_/Users/levi-/.pico-sdk/sdk/2.1.0/lib/tinyusb/src/device/usbd.c.obj
 .bss._usbd_qdef_buf
                0x20001d70       0xc0 CMakeFiles/final.dir/C_/Users/levi-/.pico-sdk/sdk/2.1.0/lib/tinyusb/src/device/usbd.c.obj
                0x20001d70                _usbd_qdef_buf
 .bss._vendord_itf
                0x20001e30      0x2cc CMakeFiles/final.dir/C_/Users/levi-/.pico-sdk/sdk/2.1.0/lib/tinyusb/src/class/vendor/vendor_device.c.obj
 .bss.boot2_copyout
                0x200020fc      0x100 CMakeFiles/final.dir/C_/Users/levi-/.pico-sdk/sdk/2.1.0/src/rp2_common/hardware_flash/flash.c.obj
 .bss.callbacks
                0x200021fc        0x8 CMakeFiles/final.dir/C_/Users/levi-/.pico-sdk/sdk/2.1.0/src/rp2_common/hardware_gpio/gpio.c.obj
 .bss.chars_available_callback
                0x20002204        0x4 CMakeFiles/final.dir/C_/Users/levi-/.pico-sdk/sdk/2.1.0/src/rp2_common/pico_stdio_uart/stdio_uart.c.obj
 .bss.chars_available_callback
                0x20002208        0x4 CMakeFiles/final.dir/C_/Users/levi-/.pico-sdk/sdk/2.1.0/src/rp2_common/pico_stdio_usb/stdio_usb.c.obj
 .bss.chars_available_param
                0x2000220c        0x4 CMakeFiles/final.dir/C_/Users/levi-/.pico-sdk/sdk/2.1.0/src/rp2_common/pico_stdio_uart/stdio_uart.c.obj
 .bss.chars_available_param
                0x20002210        0x4 CMakeFiles/final.dir/C_/Users/levi-/.pico-sdk/sdk/2.1.0/src/rp2_common/pico_stdio_usb/stdio_usb.c.obj
 .bss.claimed   0x20002214        0x4 CMakeFiles/final.dir/C_/Users/levi-/.pico-sdk/sdk/2.1.0/src/rp2_common/hardware_sync/sync.c.obj
 .bss.claimed   0x20002218        0x1 CMakeFiles/final.dir/C_/Users/levi-/.pico-sdk/sdk/2.1.0/src/rp2_common/hardware_timer/timer.c.obj
 *fill*         0x20002219        0x3 
 .bss.configured_freq
                0x2000221c       0x28 CMakeFiles/final.dir/C_/Users/levi-/.pico-sdk/sdk/2.1.0/src/rp2_common/hardware_clocks/clocks.c.obj
 .bss.desc_str.0
                0x20002244       0x28 CMakeFiles/final.dir/C_/Users/levi-/.pico-sdk/sdk/2.1.0/src/rp2_common/pico_stdio_usb/stdio_usb_descriptors.c.obj
 .bss.drivers   0x2000226c        0x4 CMakeFiles/final.dir/C_/Users/levi-/.pico-sdk/sdk/2.1.0/src/rp2_common/pico_stdio/stdio.c.obj
 .bss.e15_last_sof
                0x20002270        0x4 CMakeFiles/final.dir/C_/Users/levi-/.pico-sdk/sdk/2.1.0/lib/tinyusb/src/portable/raspberrypi/rp2040/rp2040_usb.c.obj
                0x20002270                e15_last_sof
 .bss.errno     0x20002274        0x4 C:/Users/levi-/.pico-sdk/toolchain/13_3_Rel1/bin/../lib/gcc/arm-none-eabi/13.3.1/thumb/v6-m/nofp\libg.a(libc_a-reent.o)
                0x20002274                errno
 .bss.filter    0x20002278        0x4 CMakeFiles/final.dir/C_/Users/levi-/.pico-sdk/sdk/2.1.0/src/rp2_common/pico_stdio/stdio.c.obj
 .bss.heap_end.0
                0x2000227c        0x4 CMakeFiles/final.dir/C_/Users/levi-/.pico-sdk/sdk/2.1.0/src/rp2_common/pico_clib_interface/newlib_interface.c.obj
 .bss.hw_endpoints
                0x20002280      0x400 CMakeFiles/final.dir/C_/Users/levi-/.pico-sdk/sdk/2.1.0/lib/tinyusb/src/portable/raspberrypi/rp2040/dcd_rp2040.c.obj
 .bss.lazy_vsnprintf
                0x20002680        0x4 CMakeFiles/final.dir/C_/Users/levi-/.pico-sdk/sdk/2.1.0/src/rp2_common/pico_printf/printf.c.obj
 .bss.load_value
                0x20002684        0x4 CMakeFiles/final.dir/C_/Users/levi-/.pico-sdk/sdk/2.1.0/src/rp2_common/hardware_watchdog/watchdog.c.obj
 .bss.next_buffer_ptr
                0x20002688        0x4 CMakeFiles/final.dir/C_/Users/levi-/.pico-sdk/sdk/2.1.0/lib/tinyusb/src/portable/raspberrypi/rp2040/dcd_rp2040.c.obj
 .bss.object.0  0x2000268c       0x18 C:/Users/levi-/.pico-sdk/toolchain/13_3_Rel1/bin/../lib/gcc/arm-none-eabi/13.3.1/thumb/v6-m/nofp/crtbegin.o
 .bss.one_shot_timer_crit_sec
                0x200026a4        0x8 CMakeFiles/final.dir/C_/Users/levi-/.pico-sdk/sdk/2.1.0/src/rp2_common/pico_stdio_usb/stdio_usb.c.obj